Archive member included to satisfy reference by file (symbol)

/usr/lib/gcc/arm-none-eabi/9.1.0/../../../../arm-none-eabi/lib/thumb/v7e-m+fp/hard/libc_nano.a(lib_a-atexit.o)
                              /usr/lib/gcc/arm-none-eabi/9.1.0/../../../../arm-none-eabi/lib/thumb/v7e-m+fp/hard/crt0.o (atexit)
/usr/lib/gcc/arm-none-eabi/9.1.0/../../../../arm-none-eabi/lib/thumb/v7e-m+fp/hard/libc_nano.a(lib_a-calloc.o)
                              build/encoder3.o (calloc)
/usr/lib/gcc/arm-none-eabi/9.1.0/../../../../arm-none-eabi/lib/thumb/v7e-m+fp/hard/libc_nano.a(lib_a-exit.o)
                              /usr/lib/gcc/arm-none-eabi/9.1.0/../../../../arm-none-eabi/lib/thumb/v7e-m+fp/hard/crt0.o (exit)
/usr/lib/gcc/arm-none-eabi/9.1.0/../../../../arm-none-eabi/lib/thumb/v7e-m+fp/hard/libc_nano.a(lib_a-fini.o)
                              /usr/lib/gcc/arm-none-eabi/9.1.0/../../../../arm-none-eabi/lib/thumb/v7e-m+fp/hard/crt0.o (__libc_fini_array)
/usr/lib/gcc/arm-none-eabi/9.1.0/../../../../arm-none-eabi/lib/thumb/v7e-m+fp/hard/libc_nano.a(lib_a-impure.o)
                              /usr/lib/gcc/arm-none-eabi/9.1.0/../../../../arm-none-eabi/lib/thumb/v7e-m+fp/hard/libc_nano.a(lib_a-exit.o) (_global_impure_ptr)
/usr/lib/gcc/arm-none-eabi/9.1.0/../../../../arm-none-eabi/lib/thumb/v7e-m+fp/hard/libc_nano.a(lib_a-init.o)
                              /usr/lib/gcc/arm-none-eabi/9.1.0/../../../../arm-none-eabi/lib/thumb/v7e-m+fp/hard/crt0.o (__libc_init_array)
/usr/lib/gcc/arm-none-eabi/9.1.0/../../../../arm-none-eabi/lib/thumb/v7e-m+fp/hard/libc_nano.a(lib_a-memset.o)
                              /usr/lib/gcc/arm-none-eabi/9.1.0/../../../../arm-none-eabi/lib/thumb/v7e-m+fp/hard/crt0.o (memset)
/usr/lib/gcc/arm-none-eabi/9.1.0/../../../../arm-none-eabi/lib/thumb/v7e-m+fp/hard/libc_nano.a(lib_a-nano-callocr.o)
                              /usr/lib/gcc/arm-none-eabi/9.1.0/../../../../arm-none-eabi/lib/thumb/v7e-m+fp/hard/libc_nano.a(lib_a-calloc.o) (_calloc_r)
/usr/lib/gcc/arm-none-eabi/9.1.0/../../../../arm-none-eabi/lib/thumb/v7e-m+fp/hard/libc_nano.a(lib_a-nano-mallocr.o)
                              /usr/lib/gcc/arm-none-eabi/9.1.0/../../../../arm-none-eabi/lib/thumb/v7e-m+fp/hard/libc_nano.a(lib_a-nano-callocr.o) (_malloc_r)
/usr/lib/gcc/arm-none-eabi/9.1.0/../../../../arm-none-eabi/lib/thumb/v7e-m+fp/hard/libc_nano.a(lib_a-printf.o)
                              build/main.o (printf)
/usr/lib/gcc/arm-none-eabi/9.1.0/../../../../arm-none-eabi/lib/thumb/v7e-m+fp/hard/libc_nano.a(lib_a-sbrkr.o)
                              /usr/lib/gcc/arm-none-eabi/9.1.0/../../../../arm-none-eabi/lib/thumb/v7e-m+fp/hard/libc_nano.a(lib_a-nano-mallocr.o) (_sbrk_r)
/usr/lib/gcc/arm-none-eabi/9.1.0/../../../../arm-none-eabi/lib/thumb/v7e-m+fp/hard/libc_nano.a(lib_a-__atexit.o)
                              /usr/lib/gcc/arm-none-eabi/9.1.0/../../../../arm-none-eabi/lib/thumb/v7e-m+fp/hard/libc_nano.a(lib_a-atexit.o) (__register_exitproc)
/usr/lib/gcc/arm-none-eabi/9.1.0/../../../../arm-none-eabi/lib/thumb/v7e-m+fp/hard/libc_nano.a(lib_a-__call_atexit.o)
                              /usr/lib/gcc/arm-none-eabi/9.1.0/../../../../arm-none-eabi/lib/thumb/v7e-m+fp/hard/libc_nano.a(lib_a-__atexit.o) (__call_exitprocs)
/usr/lib/gcc/arm-none-eabi/9.1.0/../../../../arm-none-eabi/lib/thumb/v7e-m+fp/hard/libc_nano.a(lib_a-findfp.o)
                              /usr/lib/gcc/arm-none-eabi/9.1.0/../../../../arm-none-eabi/lib/thumb/v7e-m+fp/hard/libc_nano.a(lib_a-printf.o) (__sinit)
/usr/lib/gcc/arm-none-eabi/9.1.0/../../../../arm-none-eabi/lib/thumb/v7e-m+fp/hard/libc_nano.a(lib_a-fwalk.o)
                              /usr/lib/gcc/arm-none-eabi/9.1.0/../../../../arm-none-eabi/lib/thumb/v7e-m+fp/hard/libc_nano.a(lib_a-findfp.o) (_fwalk)
/usr/lib/gcc/arm-none-eabi/9.1.0/../../../../arm-none-eabi/lib/thumb/v7e-m+fp/hard/libc_nano.a(lib_a-mlock.o)
                              /usr/lib/gcc/arm-none-eabi/9.1.0/../../../../arm-none-eabi/lib/thumb/v7e-m+fp/hard/libc_nano.a(lib_a-nano-mallocr.o) (__malloc_lock)
/usr/lib/gcc/arm-none-eabi/9.1.0/../../../../arm-none-eabi/lib/thumb/v7e-m+fp/hard/libc_nano.a(lib_a-nano-vfprintf.o)
                              /usr/lib/gcc/arm-none-eabi/9.1.0/../../../../arm-none-eabi/lib/thumb/v7e-m+fp/hard/libc_nano.a(lib_a-printf.o) (_vfprintf_r)
/usr/lib/gcc/arm-none-eabi/9.1.0/../../../../arm-none-eabi/lib/thumb/v7e-m+fp/hard/libc_nano.a(lib_a-reent.o)
                              /usr/lib/gcc/arm-none-eabi/9.1.0/../../../../arm-none-eabi/lib/thumb/v7e-m+fp/hard/libc_nano.a(lib_a-sbrkr.o) (errno)
/usr/lib/gcc/arm-none-eabi/9.1.0/../../../../arm-none-eabi/lib/thumb/v7e-m+fp/hard/libc_nano.a(lib_a-stdio.o)
                              /usr/lib/gcc/arm-none-eabi/9.1.0/../../../../arm-none-eabi/lib/thumb/v7e-m+fp/hard/libc_nano.a(lib_a-findfp.o) (__sread)
/usr/lib/gcc/arm-none-eabi/9.1.0/../../../../arm-none-eabi/lib/thumb/v7e-m+fp/hard/libc_nano.a(lib_a-wbuf.o)
[...]
Memory Configuration

Name             Origin             Length             Attributes
RAM              0x0000000020000000 0x0000000000018000 xrw
FLASH            0x0000000008000000 0x0000000000080000 xr
*default*        0x0000000000000000 0xffffffffffffffff

Linker script and memory map

LOAD /usr/lib/gcc/arm-none-eabi/9.1.0/thumb/v7e-m+fp/hard/crti.o
LOAD /usr/lib/gcc/arm-none-eabi/9.1.0/thumb/v7e-m+fp/hard/crtbegin.o
LOAD /usr/lib/gcc/arm-none-eabi/9.1.0/../../../../arm-none-eabi/lib/thumb/v7e-m+fp/hard/crt0.o
LOAD build/main.o
LOAD build/gpio.o
LOAD build/tim.o
LOAD build/usart.o
LOAD build/stm32f4xx_it.o
LOAD build/stm32f4xx_hal_msp.o
LOAD build/stm32f4xx_hal_tim.o
LOAD build/stm32f4xx_hal_tim_ex.o
LOAD build/stm32f4xx_hal_usart.o
LOAD build/stm32f4xx_hal_rcc.o
LOAD build/stm32f4xx_hal_rcc_ex.o
LOAD build/stm32f4xx_hal_flash.o
LOAD build/stm32f4xx_hal_flash_ex.o
LOAD build/stm32f4xx_hal_flash_ramfunc.o
LOAD build/stm32f4xx_hal_gpio.o
LOAD build/stm32f4xx_hal_dma_ex.o
LOAD build/stm32f4xx_hal_dma.o
LOAD build/stm32f4xx_hal_pwr.o
LOAD build/stm32f4xx_hal_pwr_ex.o
LOAD build/stm32f4xx_hal_cortex.o
LOAD build/stm32f4xx_hal.o
LOAD build/system_stm32f4xx.o
LOAD build/encoder3.o
LOAD build/startup_stm32f401xe.o
LOAD /usr/lib/gcc/arm-none-eabi/9.1.0/../../../../arm-none-eabi/lib/thumb/v7e-m+fp/hard/libc_nano.a
LOAD /usr/lib/gcc/arm-none-eabi/9.1.0/../../../../arm-none-eabi/lib/thumb/v7e-m+fp/hard/libm.a
LOAD /usr/lib/gcc/arm-none-eabi/9.1.0/../../../../arm-none-eabi/lib/thumb/v7e-m+fp/hard/libnosys.a
START GROUP
LOAD /usr/lib/gcc/arm-none-eabi/9.1.0/thumb/v7e-m+fp/hard/libgcc.a
LOAD /usr/lib/gcc/arm-none-eabi/9.1.0/../../../../arm-none-eabi/lib/thumb/v7e-m+fp/hard/libc_nano.a
END GROUP
START GROUP
LOAD /usr/lib/gcc/arm-none-eabi/9.1.0/thumb/v7e-m+fp/hard/libgcc.a
LOAD /usr/lib/gcc/arm-none-eabi/9.1.0/../../../../arm-none-eabi/lib/thumb/v7e-m+fp/hard/libc_nano.a
END GROUP
LOAD /usr/lib/gcc/arm-none-eabi/9.1.0/thumb/v7e-m+fp/hard/crtend.o
LOAD /usr/lib/gcc/arm-none-eabi/9.1.0/thumb/v7e-m+fp/hard/crtn.o
                0x0000000020018000                _estack = 0x20018000
                0x0000000000000200                _Min_Heap_Size = 0x200
                0x0000000000000400                _Min_Stack_Size = 0x400

.isr_vector     0x0000000008000000      0x194
                0x0000000008000000                . = ALIGN (0x4)
 *(.isr_vector)
 .isr_vector    0x0000000008000000      0x194 build/startup_stm32f401xe.o
                0x0000000008000000                g_pfnVectors
                0x0000000008000194                . = ALIGN (0x4)

.text           0x00000000080001a0     0x4a44
                0x00000000080001a0                . = ALIGN (0x4)
 *(.text)
 .text          0x00000000080001a0       0xa0 /usr/lib/gcc/arm-none-eabi/9.1.0/../../../../arm-none-eabi/lib/thumb/v7e-m+fp/hard/libc_nano.a(lib_a-memchr.o)
                0x00000000080001a0                memchr
 .text          0x0000000008000240      0x378 /usr/lib/gcc/arm-none-eabi/9.1.0/thumb/v7e-m+fp/hard/libgcc.a(_arm_addsubdf3.o)
                0x0000000008000240                __aeabi_drsub
                0x0000000008000248                __aeabi_dsub
                0x0000000008000248                __subdf3
                0x000000000800024c                __adddf3
                0x000000000800024c                __aeabi_dadd
                0x00000000080004c4                __aeabi_ui2d
                0x00000000080004c4                __floatunsidf
                0x00000000080004e4                __floatsidf
                0x00000000080004e4                __aeabi_i2d
                0x0000000008000508                __extendsfdf2
                0x0000000008000508                __aeabi_f2d
                0x000000000800054c                __aeabi_ul2d
                0x000000000800054c                __floatundidf
                0x000000000800055c                __floatdidf
                0x000000000800055c                __aeabi_l2d
 .text          0x00000000080005b8      0x424 /usr/lib/gcc/arm-none-eabi/9.1.0/thumb/v7e-m+fp/hard/libgcc.a(_arm_muldivdf3.o)
                0x00000000080005b8                __aeabi_dmul
                0x00000000080005b8                __muldf3
                0x000000000800080c                __aeabi_ddiv
                0x000000000800080c                __divdf3
 .text          0x00000000080009dc      0x110 /usr/lib/gcc/arm-none-eabi/9.1.0/thumb/v7e-m+fp/hard/libgcc.a(_arm_cmpdf2.o)
                0x00000000080009dc                __gtdf2
                0x00000000080009dc                __gedf2
                0x00000000080009e4                __ltdf2
                0x00000000080009e4                __ledf2
                0x00000000080009ec                __cmpdf2
                0x00000000080009ec                __eqdf2
                0x00000000080009ec                __nedf2
                0x0000000008000a68                __aeabi_cdrcmple
                0x0000000008000a78                __aeabi_cdcmple
                0x0000000008000a78                __aeabi_cdcmpeq
                0x0000000008000a88                __aeabi_dcmpeq
                0x0000000008000a9c                __aeabi_dcmplt
                0x0000000008000ab0                __aeabi_dcmple
                0x0000000008000ac4                __aeabi_dcmpge
                0x0000000008000ad8                __aeabi_dcmpgt
 .text          0x0000000008000aec       0x50 /usr/lib/gcc/arm-none-eabi/9.1.0/thumb/v7e-m+fp/hard/libgcc.a(_arm_fixdfsi.o)
                0x0000000008000aec                __fixdfsi
                0x0000000008000aec                __aeabi_d2iz
 .text          0x0000000008000b3c       0x30 /usr/lib/gcc/arm-none-eabi/9.1.0/thumb/v7e-m+fp/hard/libgcc.a(_aeabi_uldivmod.o)
                0x0000000008000b3c                __aeabi_uldivmod
 .text          0x0000000008000b6c        0x4 /usr/lib/gcc/arm-none-eabi/9.1.0/thumb/v7e-m+fp/hard/libgcc.a(_dvmd_tls.o)
                0x0000000008000b6c                __aeabi_ldiv0
                0x0000000008000b6c                __aeabi_idiv0
 *(.text*)
 .text.__do_global_dtors_aux
                0x0000000008000b70       0x24 /usr/lib/gcc/arm-none-eabi/9.1.0/thumb/v7e-m+fp/hard/crtbegin.o
 .text.frame_dummy
                0x0000000008000b94       0x1c /usr/lib/gcc/arm-none-eabi/9.1.0/thumb/v7e-m+fp/hard/crtbegin.o
 .text.SystemClock_Config
                0x0000000008000bb0       0x94 build/main.o
                0x0000000008000bb0                SystemClock_Config
 .text.main     0x0000000008000c44      0x12c build/main.o
                0x0000000008000c44                main
 .text.Error_Handler
                0x0000000008000d70        0x2 build/main.o
                0x0000000008000d70                Error_Handler
 *fill*         0x0000000008000d72        0x2 
 .text.MX_GPIO_Init
                0x0000000008000d74       0x38 build/gpio.o
                0x0000000008000d74                MX_GPIO_Init
 .text.MX_TIM2_Init
                0x0000000008000dac       0x60 build/tim.o
                0x0000000008000dac                MX_TIM2_Init
 .text.MX_TIM5_Init
                0x0000000008000e0c       0x60 build/tim.o
                0x0000000008000e0c                MX_TIM5_Init
 .text.HAL_TIM_Encoder_MspInit
                0x0000000008000e6c       0xe8 build/tim.o
                0x0000000008000e6c                HAL_TIM_Encoder_MspInit
 .text.HAL_TIM_PWM_MspInit
                0x0000000008000f54       0x30 build/tim.o
                0x0000000008000f54                HAL_TIM_PWM_MspInit
 .text.HAL_TIM_MspPostInit
                0x0000000008000f84       0x58 build/tim.o
                0x0000000008000f84                HAL_TIM_MspPostInit
 .text.MX_TIM3_Init
                0x0000000008000fdc       0xb8 build/tim.o
                0x0000000008000fdc                MX_TIM3_Init
 .text.MX_USART2_Init
                0x0000000008001094       0x38 build/usart.o
                0x0000000008001094                MX_USART2_Init
 .text.HAL_USART_MspInit
                0x00000000080010cc       0x70 build/usart.o
                0x00000000080010cc                HAL_USART_MspInit
 .text.NMI_Handler
                0x000000000800113c        0x2 build/stm32f4xx_it.o
                0x000000000800113c                NMI_Handler
 .text.HardFault_Handler
                0x000000000800113e        0x2 build/stm32f4xx_it.o
                0x000000000800113e                HardFault_Handler
 .text.MemManage_Handler
                0x0000000008001140        0x2 build/stm32f4xx_it.o
                0x0000000008001140                MemManage_Handler
 .text.BusFault_Handler
                0x0000000008001142        0x2 build/stm32f4xx_it.o
                0x0000000008001142                BusFault_Handler
 .text.UsageFault_Handler
                0x0000000008001144        0x2 build/stm32f4xx_it.o
                0x0000000008001144                UsageFault_Handler
 .text.SVC_Handler
                0x0000000008001146        0x2 build/stm32f4xx_it.o
                0x0000000008001146                SVC_Handler
 .text.DebugMon_Handler
                0x0000000008001148        0x2 build/stm32f4xx_it.o
                0x0000000008001148                DebugMon_Handler
 .text.PendSV_Handler
                0x000000000800114a        0x2 build/stm32f4xx_it.o
                0x000000000800114a                PendSV_Handler
 .text.SysTick_Handler
                0x000000000800114c        0x8 build/stm32f4xx_it.o
                0x000000000800114c                SysTick_Handler
 .text.HAL_MspInit
                0x0000000008001154       0x38 build/stm32f4xx_hal_msp.o
                0x0000000008001154                HAL_MspInit
 .text.TIM_OC1_SetConfig
                0x000000000800118c       0x54 build/stm32f4xx_hal_tim.o
 .text.TIM_OC3_SetConfig
                0x00000000080011e0       0x5c build/stm32f4xx_hal_tim.o
 .text.TIM_OC4_SetConfig
                0x000000000800123c       0x48 build/stm32f4xx_hal_tim.o
 .text.HAL_TIM_Base_Start
                0x0000000008001284       0x1a build/stm32f4xx_hal_tim.o
                0x0000000008001284                HAL_TIM_Base_Start
 .text.HAL_TIM_Base_Start_IT
                0x000000000800129e       0x18 build/stm32f4xx_hal_tim.o
                0x000000000800129e                HAL_TIM_Base_Start_IT
 *fill*         0x00000000080012b6        0x2 
 .text.TIM_Base_SetConfig
                0x00000000080012b8       0x94 build/stm32f4xx_hal_tim.o
                0x00000000080012b8                TIM_Base_SetConfig
 .text.HAL_TIM_PWM_Init
                0x000000000800134c       0x34 build/stm32f4xx_hal_tim.o
                0x000000000800134c                HAL_TIM_PWM_Init
 .text.HAL_TIM_Encoder_Init
                0x0000000008001380       0x98 build/stm32f4xx_hal_tim.o
                0x0000000008001380                HAL_TIM_Encoder_Init
 .text.TIM_OC2_SetConfig
                0x0000000008001418       0x5c build/stm32f4xx_hal_tim.o
                0x0000000008001418                TIM_OC2_SetConfig
 .text.HAL_TIM_PWM_ConfigChannel
                0x0000000008001474       0xdc build/stm32f4xx_hal_tim.o
                0x0000000008001474                HAL_TIM_PWM_ConfigChannel
 .text.TIM_CCxChannelCmd
                0x0000000008001550       0x20 build/stm32f4xx_hal_tim.o
                0x0000000008001550                TIM_CCxChannelCmd
 .text.HAL_TIM_PWM_Start
                0x0000000008001570       0x30 build/stm32f4xx_hal_tim.o
                0x0000000008001570                HAL_TIM_PWM_Start
 .text.HAL_TIMEx_MasterConfigSynchronization
                0x00000000080015a0       0x52 build/stm32f4xx_hal_tim_ex.o
                0x00000000080015a0                HAL_TIMEx_MasterConfigSynchronization
 *fill*         0x00000000080015f2        0x2 
 .text.USART_SetConfig
                0x00000000080015f4      0x138 build/stm32f4xx_hal_usart.o
 .text.HAL_USART_Init
                0x000000000800172c       0x50 build/stm32f4xx_hal_usart.o
                0x000000000800172c                HAL_USART_Init
 .text.HAL_RCC_OscConfig
                0x000000000800177c      0x398 build/stm32f4xx_hal_rcc.o
                0x000000000800177c                HAL_RCC_OscConfig
 .text.HAL_RCC_GetSysClockFreq
                0x0000000008001b14       0xa0 build/stm32f4xx_hal_rcc.o
                0x0000000008001b14                HAL_RCC_GetSysClockFreq
 .text.HAL_RCC_ClockConfig
                0x0000000008001bb4      0x15c build/stm32f4xx_hal_rcc.o
                0x0000000008001bb4                HAL_RCC_ClockConfig
 .text.HAL_RCC_GetHCLKFreq
                0x0000000008001d10        0xc build/stm32f4xx_hal_rcc.o
                0x0000000008001d10                HAL_RCC_GetHCLKFreq
 .text.HAL_RCC_GetPCLK1Freq
                0x0000000008001d1c       0x20 build/stm32f4xx_hal_rcc.o
                0x0000000008001d1c                HAL_RCC_GetPCLK1Freq
 .text.HAL_RCC_GetPCLK2Freq
                0x0000000008001d3c       0x20 build/stm32f4xx_hal_rcc.o
                0x0000000008001d3c                HAL_RCC_GetPCLK2Freq
 .text.HAL_GPIO_Init
                0x0000000008001d5c      0x1a8 build/stm32f4xx_hal_gpio.o
                0x0000000008001d5c                HAL_GPIO_Init
 .text.HAL_NVIC_SetPriorityGrouping
                0x0000000008001f04       0x24 build/stm32f4xx_hal_cortex.o
                0x0000000008001f04                HAL_NVIC_SetPriorityGrouping
 .text.HAL_NVIC_SetPriority
                0x0000000008001f28       0x68 build/stm32f4xx_hal_cortex.o
                0x0000000008001f28                HAL_NVIC_SetPriority
 .text.HAL_SYSTICK_Config
                0x0000000008001f90       0x2c build/stm32f4xx_hal_cortex.o
                0x0000000008001f90                HAL_SYSTICK_Config
 .text.HAL_InitTick
                0x0000000008001fbc       0x4c build/stm32f4xx_hal.o
                0x0000000008001fbc                HAL_InitTick
 .text.HAL_Init
                0x0000000008002008       0x34 build/stm32f4xx_hal.o
                0x0000000008002008                HAL_Init
 .text.HAL_IncTick
                0x000000000800203c       0x18 build/stm32f4xx_hal.o
                0x000000000800203c                HAL_IncTick
 .text.HAL_GetTick
                0x0000000008002054        0xc build/stm32f4xx_hal.o
                0x0000000008002054                HAL_GetTick
 .text.SystemInit
                0x0000000008002060       0x4c build/system_stm32f4xx.o
                0x0000000008002060                SystemInit
 .text.theta    0x00000000080020ac       0x40 build/encoder3.o
                0x00000000080020ac                theta
 .text.mise_a_jour_distance
                0x00000000080020ec       0x40 build/encoder3.o
                0x00000000080020ec                mise_a_jour_distance
 .text.mise_a_jour_x_y
                0x000000000800212c       0x8e build/encoder3.o
                0x000000000800212c                mise_a_jour_x_y
 *fill*         0x00000000080021ba        0x2 
 .text.consigne
                0x00000000080021bc       0x94 build/encoder3.o
                0x00000000080021bc                consigne
 .text.commande_moteur
                0x0000000008002250       0x50 build/encoder3.o
                0x0000000008002250                commande_moteur
 .text.Reset_Handler
                0x00000000080022a0       0x50 build/startup_stm32f401xe.o
                0x00000000080022a0                Reset_Handler
 .text.Default_Handler
                0x00000000080022f0        0x2 build/startup_stm32f401xe.o
                0x00000000080022f0                RTC_Alarm_IRQHandler
                0x00000000080022f0                EXTI2_IRQHandler
                0x00000000080022f0                SPI4_IRQHandler
                0x00000000080022f0                TIM1_CC_IRQHandler
                0x00000000080022f0                DMA2_Stream5_IRQHandler
                0x00000000080022f0                DMA1_Stream5_IRQHandler
                0x00000000080022f0                PVD_IRQHandler
                0x00000000080022f0                SDIO_IRQHandler
                0x00000000080022f0                TAMP_STAMP_IRQHandler
                0x00000000080022f0                EXTI3_IRQHandler
                0x00000000080022f0                TIM1_UP_TIM10_IRQHandler
                0x00000000080022f0                I2C3_ER_IRQHandler
                0x00000000080022f0                EXTI0_IRQHandler
                0x00000000080022f0                I2C2_EV_IRQHandler
                0x00000000080022f0                DMA1_Stream2_IRQHandler
                0x00000000080022f0                FPU_IRQHandler
                0x00000000080022f0                DMA2_Stream2_IRQHandler
                0x00000000080022f0                SPI1_IRQHandler
                0x00000000080022f0                TIM1_BRK_TIM9_IRQHandler
                0x00000000080022f0                DMA2_Stream3_IRQHandler
                0x00000000080022f0                USART6_IRQHandler
                0x00000000080022f0                DMA2_Stream0_IRQHandler
                0x00000000080022f0                TIM4_IRQHandler
                0x00000000080022f0                I2C1_EV_IRQHandler
                0x00000000080022f0                DMA1_Stream6_IRQHandler
                0x00000000080022f0                DMA1_Stream1_IRQHandler
                0x00000000080022f0                TIM3_IRQHandler
                0x00000000080022f0                RCC_IRQHandler
                0x00000000080022f0                Default_Handler
                0x00000000080022f0                EXTI15_10_IRQHandler
                0x00000000080022f0                ADC_IRQHandler
                0x00000000080022f0                DMA1_Stream7_IRQHandler
                0x00000000080022f0                TIM5_IRQHandler
                0x00000000080022f0                DMA2_Stream7_IRQHandler
                0x00000000080022f0                I2C3_EV_IRQHandler
                0x00000000080022f0                EXTI9_5_IRQHandler
                0x00000000080022f0                RTC_WKUP_IRQHandler
                0x00000000080022f0                SPI2_IRQHandler
                0x00000000080022f0                DMA1_Stream0_IRQHandler
                0x00000000080022f0                EXTI4_IRQHandler
                0x00000000080022f0                WWDG_IRQHandler
                0x00000000080022f0                TIM2_IRQHandler
                0x00000000080022f0                OTG_FS_WKUP_IRQHandler
                0x00000000080022f0                TIM1_TRG_COM_TIM11_IRQHandler
                0x00000000080022f0                EXTI1_IRQHandler
                0x00000000080022f0                USART2_IRQHandler
                0x00000000080022f0                I2C2_ER_IRQHandler
                0x00000000080022f0                DMA2_Stream1_IRQHandler
                0x00000000080022f0                FLASH_IRQHandler
                0x00000000080022f0                DMA2_Stream4_IRQHandler
                0x00000000080022f0                USART1_IRQHandler
                0x00000000080022f0                OTG_FS_IRQHandler
                0x00000000080022f0                SPI3_IRQHandler
                0x00000000080022f0                DMA1_Stream4_IRQHandler
                0x00000000080022f0                I2C1_ER_IRQHandler
                0x00000000080022f0                DMA2_Stream6_IRQHandler
                0x00000000080022f0                DMA1_Stream3_IRQHandler
 *fill*         0x00000000080022f2        0x2 
 .text.__libc_init_array
                0x00000000080022f4       0x48 /usr/lib/gcc/arm-none-eabi/9.1.0/../../../../arm-none-eabi/lib/thumb/v7e-m+fp/hard/libc_nano.a(lib_a-init.o)
                0x00000000080022f4                __libc_init_array
 .text.memset   0x000000000800233c       0x10 /usr/lib/gcc/arm-none-eabi/9.1.0/../../../../arm-none-eabi/lib/thumb/v7e-m+fp/hard/libc_nano.a(lib_a-memset.o)
                0x000000000800233c                memset
 .text._malloc_r
                0x000000000800234c       0xb4 /usr/lib/gcc/arm-none-eabi/9.1.0/../../../../arm-none-eabi/lib/thumb/v7e-m+fp/hard/libc_nano.a(lib_a-nano-mallocr.o)
                0x000000000800234c                _malloc_r
 .text.printf   0x0000000008002400       0x30 /usr/lib/gcc/arm-none-eabi/9.1.0/../../../../arm-none-eabi/lib/thumb/v7e-m+fp/hard/libc_nano.a(lib_a-printf.o)
                0x0000000008002400                printf
                0x0000000008002400                iprintf
 .text._sbrk_r  0x0000000008002430       0x20 /usr/lib/gcc/arm-none-eabi/9.1.0/../../../../arm-none-eabi/lib/thumb/v7e-m+fp/hard/libc_nano.a(lib_a-sbrkr.o)
                0x0000000008002430                _sbrk_r
 .text.std      0x0000000008002450       0x48 /usr/lib/gcc/arm-none-eabi/9.1.0/../../../../arm-none-eabi/lib/thumb/v7e-m+fp/hard/libc_nano.a(lib_a-findfp.o)
 .text._cleanup_r
                0x0000000008002498        0xc /usr/lib/gcc/arm-none-eabi/9.1.0/../../../../arm-none-eabi/lib/thumb/v7e-m+fp/hard/libc_nano.a(lib_a-findfp.o)
                0x0000000008002498                _cleanup_r
 .text.__sfmoreglue
                0x00000000080024a4       0x2c /usr/lib/gcc/arm-none-eabi/9.1.0/../../../../arm-none-eabi/lib/thumb/v7e-m+fp/hard/libc_nano.a(lib_a-findfp.o)
                0x00000000080024a4                __sfmoreglue
 .text.__sinit  0x00000000080024d0       0x60 /usr/lib/gcc/arm-none-eabi/9.1.0/../../../../arm-none-eabi/lib/thumb/v7e-m+fp/hard/libc_nano.a(lib_a-findfp.o)
                0x00000000080024d0                __sinit
 .text.__sfp    0x0000000008002530       0x78 /usr/lib/gcc/arm-none-eabi/9.1.0/../../../../arm-none-eabi/lib/thumb/v7e-m+fp/hard/libc_nano.a(lib_a-findfp.o)
                0x0000000008002530                __sfp
 .text._fwalk_reent
                0x00000000080025a8       0x3c /usr/lib/gcc/arm-none-eabi/9.1.0/../../../../arm-none-eabi/lib/thumb/v7e-m+fp/hard/libc_nano.a(lib_a-fwalk.o)
                0x00000000080025a8                _fwalk_reent
 .text.__malloc_lock
                0x00000000080025e4        0x2 /usr/lib/gcc/arm-none-eabi/9.1.0/../../../../arm-none-eabi/lib/thumb/v7e-m+fp/hard/libc_nano.a(lib_a-mlock.o)
                0x00000000080025e4                __malloc_lock
 .text.__malloc_unlock
                0x00000000080025e6        0x2 /usr/lib/gcc/arm-none-eabi/9.1.0/../../../../arm-none-eabi/lib/thumb/v7e-m+fp/hard/libc_nano.a(lib_a-mlock.o)
                0x00000000080025e6                __malloc_unlock
 .text.__sfputc_r
                0x00000000080025e8       0x2e /usr/lib/gcc/arm-none-eabi/9.1.0/../../../../arm-none-eabi/lib/thumb/v7e-m+fp/hard/libc_nano.a(lib_a-nano-vfprintf.o)
 .text.__sfputs_r
                0x0000000008002616       0x24 /usr/lib/gcc/arm-none-eabi/9.1.0/../../../../arm-none-eabi/lib/thumb/v7e-m+fp/hard/libc_nano.a(lib_a-nano-vfprintf.o)
                0x0000000008002616                __sfputs_r
 *fill*         0x000000000800263a        0x2 
 .text._vfprintf_r
                0x000000000800263c      0x218 /usr/lib/gcc/arm-none-eabi/9.1.0/../../../../arm-none-eabi/lib/thumb/v7e-m+fp/hard/libc_nano.a(lib_a-nano-vfprintf.o)
                0x000000000800263c                _vfiprintf_r
                0x000000000800263c                _vfprintf_r
 .text.__sread  0x0000000008002854       0x22 /usr/lib/gcc/arm-none-eabi/9.1.0/../../../../arm-none-eabi/lib/thumb/v7e-m+fp/hard/libc_nano.a(lib_a-stdio.o)
                0x0000000008002854                __sread
 .text.__swrite
                0x0000000008002876       0x38 /usr/lib/gcc/arm-none-eabi/9.1.0/../../../../arm-none-eabi/lib/thumb/v7e-m+fp/hard/libc_nano.a(lib_a-stdio.o)
                0x0000000008002876                __swrite
 .text.__sseek  0x00000000080028ae       0x24 /usr/lib/gcc/arm-none-eabi/9.1.0/../../../../arm-none-eabi/lib/thumb/v7e-m+fp/hard/libc_nano.a(lib_a-stdio.o)
                0x00000000080028ae                __sseek
 .text.__sclose
                0x00000000080028d2        0x8 /usr/lib/gcc/arm-none-eabi/9.1.0/../../../../arm-none-eabi/lib/thumb/v7e-m+fp/hard/libc_nano.a(lib_a-stdio.o)
                0x00000000080028d2                __sclose
 *fill*         0x00000000080028da        0x2 
 .text.__swbuf_r
                0x00000000080028dc       0xa4 /usr/lib/gcc/arm-none-eabi/9.1.0/../../../../arm-none-eabi/lib/thumb/v7e-m+fp/hard/libc_nano.a(lib_a-wbuf.o)
                0x00000000080028dc                __swbuf_r
 .text._write_r
                0x0000000008002980       0x24 /usr/lib/gcc/arm-none-eabi/9.1.0/../../../../arm-none-eabi/lib/thumb/v7e-m+fp/hard/libc_nano.a(lib_a-writer.o)
                0x0000000008002980                _write_r
 .text.__swsetup_r
                0x00000000080029a4       0xdc /usr/lib/gcc/arm-none-eabi/9.1.0/../../../../arm-none-eabi/lib/thumb/v7e-m+fp/hard/libc_nano.a(lib_a-wsetup.o)
                0x00000000080029a4                __swsetup_r
 .text._close_r
                0x0000000008002a80       0x20 /usr/lib/gcc/arm-none-eabi/9.1.0/../../../../arm-none-eabi/lib/thumb/v7e-m+fp/hard/libc_nano.a(lib_a-closer.o)
                0x0000000008002a80                _close_r
 .text.__sflush_r
                0x0000000008002aa0      0x10c /usr/lib/gcc/arm-none-eabi/9.1.0/../../../../arm-none-eabi/lib/thumb/v7e-m+fp/hard/libc_nano.a(lib_a-fflush.o)
                0x0000000008002aa0                __sflush_r
 .text._fflush_r
                0x0000000008002bac       0x54 /usr/lib/gcc/arm-none-eabi/9.1.0/../../../../arm-none-eabi/lib/thumb/v7e-m+fp/hard/libc_nano.a(lib_a-fflush.o)
                0x0000000008002bac                _fflush_r
 .text._lseek_r
                0x0000000008002c00       0x24 /usr/lib/gcc/arm-none-eabi/9.1.0/../../../../arm-none-eabi/lib/thumb/v7e-m+fp/hard/libc_nano.a(lib_a-lseekr.o)
                0x0000000008002c00                _lseek_r
 .text.__swhatbuf_r
                0x0000000008002c24       0x48 /usr/lib/gcc/arm-none-eabi/9.1.0/../../../../arm-none-eabi/lib/thumb/v7e-m+fp/hard/libc_nano.a(lib_a-makebuf.o)
                0x0000000008002c24                __swhatbuf_r
 .text.__smakebuf_r
                0x0000000008002c6c       0x80 /usr/lib/gcc/arm-none-eabi/9.1.0/../../../../arm-none-eabi/lib/thumb/v7e-m+fp/hard/libc_nano.a(lib_a-makebuf.o)
                0x0000000008002c6c                __smakebuf_r
 .text._free_r  0x0000000008002cec       0x9c /usr/lib/gcc/arm-none-eabi/9.1.0/../../../../arm-none-eabi/lib/thumb/v7e-m+fp/hard/libc_nano.a(lib_a-nano-freer.o)
                0x0000000008002cec                _free_r
 .text._printf_common
                0x0000000008002d88       0xea /usr/lib/gcc/arm-none-eabi/9.1.0/../../../../arm-none-eabi/lib/thumb/v7e-m+fp/hard/libc_nano.a(lib_a-nano-vfprintf_i.o)
                0x0000000008002d88                _printf_common
 *fill*         0x0000000008002e72        0x2 
 .text._printf_i
                0x0000000008002e74      0x228 /usr/lib/gcc/arm-none-eabi/9.1.0/../../../../arm-none-eabi/lib/thumb/v7e-m+fp/hard/libc_nano.a(lib_a-nano-vfprintf_i.o)
                0x0000000008002e74                _printf_i
 .text._read_r  0x000000000800309c       0x24 /usr/lib/gcc/arm-none-eabi/9.1.0/../../../../arm-none-eabi/lib/thumb/v7e-m+fp/hard/libc_nano.a(lib_a-readr.o)
                0x000000000800309c                _read_r
 .text._fstat_r
                0x00000000080030c0       0x24 /usr/lib/gcc/arm-none-eabi/9.1.0/../../../../arm-none-eabi/lib/thumb/v7e-m+fp/hard/libc_nano.a(lib_a-fstatr.o)
                0x00000000080030c0                _fstat_r
 .text._isatty_r
                0x00000000080030e4       0x20 /usr/lib/gcc/arm-none-eabi/9.1.0/../../../../arm-none-eabi/lib/thumb/v7e-m+fp/hard/libc_nano.a(lib_a-isattyr.o)
                0x00000000080030e4                _isatty_r
 *fill*         0x0000000008003104        0x4 
 .text.atan     0x0000000008003108      0x358 /usr/lib/gcc/arm-none-eabi/9.1.0/../../../../arm-none-eabi/lib/thumb/v7e-m+fp/hard/libm.a(lib_a-s_atan.o)
                0x0000000008003108                atan
 .text.cos      0x0000000008003460       0xc0 /usr/lib/gcc/arm-none-eabi/9.1.0/../../../../arm-none-eabi/lib/thumb/v7e-m+fp/hard/libm.a(lib_a-s_cos.o)
                0x0000000008003460                cos
 .text.fabs     0x0000000008003520       0x14 /usr/lib/gcc/arm-none-eabi/9.1.0/../../../../arm-none-eabi/lib/thumb/v7e-m+fp/hard/libm.a(lib_a-s_fabs.o)
                0x0000000008003520                fabs
 *fill*         0x0000000008003534        0x4 
 .text.sin      0x0000000008003538       0xc0 /usr/lib/gcc/arm-none-eabi/9.1.0/../../../../arm-none-eabi/lib/thumb/v7e-m+fp/hard/libm.a(lib_a-s_sin.o)
                0x0000000008003538                sin
 .text.__ieee754_rem_pio2
                0x00000000080035f8      0x42c /usr/lib/gcc/arm-none-eabi/9.1.0/../../../../arm-none-eabi/lib/thumb/v7e-m+fp/hard/libm.a(lib_a-e_rem_pio2.o)
                0x00000000080035f8                __ieee754_rem_pio2
 *fill*         0x0000000008003a24        0x4 
 .text.__kernel_cos
                0x0000000008003a28      0x284 /usr/lib/gcc/arm-none-eabi/9.1.0/../../../../arm-none-eabi/lib/thumb/v7e-m+fp/hard/libm.a(lib_a-k_cos.o)
                0x0000000008003a28                __kernel_cos
 *fill*         0x0000000008003cac        0x4 
 .text.__kernel_rem_pio2
                0x0000000008003cb0      0x82c /usr/lib/gcc/arm-none-eabi/9.1.0/../../../../arm-none-eabi/lib/thumb/v7e-m+fp/hard/libm.a(lib_a-k_rem_pio2.o)
                0x0000000008003cb0                __kernel_rem_pio2
 *fill*         0x00000000080044dc        0x4 
 .text.__kernel_sin
                0x00000000080044e0      0x194 /usr/lib/gcc/arm-none-eabi/9.1.0/../../../../arm-none-eabi/lib/thumb/v7e-m+fp/hard/libm.a(lib_a-k_sin.o)
                0x00000000080044e0                __kernel_sin
 *fill*         0x0000000008004674        0x4 
 .text.floor    0x0000000008004678      0x108 /usr/lib/gcc/arm-none-eabi/9.1.0/../../../../arm-none-eabi/lib/thumb/v7e-m+fp/hard/libm.a(lib_a-s_floor.o)
                0x0000000008004678                floor
 .text.scalbn   0x0000000008004780      0x124 /usr/lib/gcc/arm-none-eabi/9.1.0/../../../../arm-none-eabi/lib/thumb/v7e-m+fp/hard/libm.a(lib_a-s_scalbn.o)
                0x0000000008004780                scalbn
 .text._close   0x00000000080048a4       0x10 /usr/lib/gcc/arm-none-eabi/9.1.0/../../../../arm-none-eabi/lib/thumb/v7e-m+fp/hard/libnosys.a(close.o)
                0x00000000080048a4                _close
 .text._fstat   0x00000000080048b4       0x10 /usr/lib/gcc/arm-none-eabi/9.1.0/../../../../arm-none-eabi/lib/thumb/v7e-m+fp/hard/libnosys.a(fstat.o)
                0x00000000080048b4                _fstat
 .text._isatty  0x00000000080048c4       0x10 /usr/lib/gcc/arm-none-eabi/9.1.0/../../../../arm-none-eabi/lib/thumb/v7e-m+fp/hard/libnosys.a(isatty.o)
                0x00000000080048c4                _isatty
 .text._lseek   0x00000000080048d4       0x10 /usr/lib/gcc/arm-none-eabi/9.1.0/../../../../arm-none-eabi/lib/thumb/v7e-m+fp/hard/libnosys.a(lseek.o)
                0x00000000080048d4                _lseek
 .text._read    0x00000000080048e4       0x10 /usr/lib/gcc/arm-none-eabi/9.1.0/../../../../arm-none-eabi/lib/thumb/v7e-m+fp/hard/libnosys.a(read.o)
                0x00000000080048e4                _read
 .text._sbrk    0x00000000080048f4       0x1c /usr/lib/gcc/arm-none-eabi/9.1.0/../../../../arm-none-eabi/lib/thumb/v7e-m+fp/hard/libnosys.a(sbrk.o)
                0x00000000080048f4                _sbrk
 .text._write   0x0000000008004910       0x10 /usr/lib/gcc/arm-none-eabi/9.1.0/../../../../arm-none-eabi/lib/thumb/v7e-m+fp/hard/libnosys.a(write.o)
                0x0000000008004910                _write
 .text.__udivmoddi4
                0x0000000008004920      0x2aa /usr/lib/gcc/arm-none-eabi/9.1.0/thumb/v7e-m+fp/hard/libgcc.a(_udivmoddi4.o)
                0x0000000008004920                __udivmoddi4
 *(.glue_7)
 .glue_7        0x0000000008004bca        0x0 linker stubs
 *(.glue_7t)
 .glue_7t       0x0000000008004bca        0x0 linker stubs
 *(.eh_frame)
 *fill*         0x0000000008004bca        0x2 
 .eh_frame      0x0000000008004bcc        0x0 /usr/lib/gcc/arm-none-eabi/9.1.0/thumb/v7e-m+fp/hard/crtbegin.o
 *(.init)
 .init          0x0000000008004bcc        0x4 /usr/lib/gcc/arm-none-eabi/9.1.0/thumb/v7e-m+fp/hard/crti.o
                0x0000000008004bcc                _init
 .init          0x0000000008004bd0        0x8 /usr/lib/gcc/arm-none-eabi/9.1.0/thumb/v7e-m+fp/hard/crtn.o
 *(.fini)
 .fini          0x0000000008004bd8        0x4 /usr/lib/gcc/arm-none-eabi/9.1.0/thumb/v7e-m+fp/hard/crti.o
                0x0000000008004bd8                _fini
 .fini          0x0000000008004bdc        0x8 /usr/lib/gcc/arm-none-eabi/9.1.0/thumb/v7e-m+fp/hard/crtn.o
                0x0000000008004be4                . = ALIGN (0x4)
                0x0000000008004be4                _etext = .

.vfp11_veneer   0x0000000008004be4        0x0
 .vfp11_veneer  0x0000000008004be4        0x0 linker stubs

.v4_bx          0x0000000008004be4        0x0
 .v4_bx         0x0000000008004be4        0x0 linker stubs

.iplt           0x0000000008004be4        0x0
 .iplt          0x0000000008004be4        0x0 /usr/lib/gcc/arm-none-eabi/9.1.0/thumb/v7e-m+fp/hard/crtbegin.o

.rodata         0x0000000008004be8      0x2d0
                0x0000000008004be8                . = ALIGN (0x4)
 *(.rodata)
 *(.rodata*)
 .rodata.main.str1.4
                0x0000000008004be8        0x8 build/main.o
                                          0x7 (size before relaxing)
 .rodata.AHBPrescTable
                0x0000000008004bf0       0x10 build/system_stm32f4xx.o
                0x0000000008004bf0                AHBPrescTable
 .rodata.APBPrescTable
                0x0000000008004c00        0x8 build/system_stm32f4xx.o
                0x0000000008004c00                APBPrescTable
 .rodata._global_impure_ptr
                0x0000000008004c08        0x4 /usr/lib/gcc/arm-none-eabi/9.1.0/../../../../arm-none-eabi/lib/thumb/v7e-m+fp/hard/libc_nano.a(lib_a-impure.o)
                0x0000000008004c08                _global_impure_ptr
 .rodata.__sf_fake_stderr
                0x0000000008004c0c       0x20 /usr/lib/gcc/arm-none-eabi/9.1.0/../../../../arm-none-eabi/lib/thumb/v7e-m+fp/hard/libc_nano.a(lib_a-findfp.o)
                0x0000000008004c0c                __sf_fake_stderr
 .rodata.__sf_fake_stdin
                0x0000000008004c2c       0x20 /usr/lib/gcc/arm-none-eabi/9.1.0/../../../../arm-none-eabi/lib/thumb/v7e-m+fp/hard/libc_nano.a(lib_a-findfp.o)
                0x0000000008004c2c                __sf_fake_stdin
 .rodata.__sf_fake_stdout
                0x0000000008004c4c       0x20 /usr/lib/gcc/arm-none-eabi/9.1.0/../../../../arm-none-eabi/lib/thumb/v7e-m+fp/hard/libc_nano.a(lib_a-findfp.o)
                0x0000000008004c4c                __sf_fake_stdout
 .rodata._vfprintf_r.str1.1
                0x0000000008004c6c       0x11 /usr/lib/gcc/arm-none-eabi/9.1.0/../../../../arm-none-eabi/lib/thumb/v7e-m+fp/hard/libc_nano.a(lib_a-nano-vfprintf.o)
 .rodata._printf_i.str1.1
                0x0000000008004c7d       0x22 /usr/lib/gcc/arm-none-eabi/9.1.0/../../../../arm-none-eabi/lib/thumb/v7e-m+fp/hard/libc_nano.a(lib_a-nano-vfprintf_i.o)
 *fill*         0x0000000008004c9f        0x1 
 .rodata.atanhi
                0x0000000008004ca0       0x20 /usr/lib/gcc/arm-none-eabi/9.1.0/../../../../arm-none-eabi/lib/thumb/v7e-m+fp/hard/libm.a(lib_a-s_atan.o)
 .rodata.atanlo
                0x0000000008004cc0       0x20 /usr/lib/gcc/arm-none-eabi/9.1.0/../../../../arm-none-eabi/lib/thumb/v7e-m+fp/hard/libm.a(lib_a-s_atan.o)
 .rodata.npio2_hw
                0x0000000008004ce0       0x80 /usr/lib/gcc/arm-none-eabi/9.1.0/../../../../arm-none-eabi/lib/thumb/v7e-m+fp/hard/libm.a(lib_a-e_rem_pio2.o)
 .rodata.two_over_pi
                0x0000000008004d60      0x108 /usr/lib/gcc/arm-none-eabi/9.1.0/../../../../arm-none-eabi/lib/thumb/v7e-m+fp/hard/libm.a(lib_a-e_rem_pio2.o)
 .rodata.PIo2   0x0000000008004e68       0x40 /usr/lib/gcc/arm-none-eabi/9.1.0/../../../../arm-none-eabi/lib/thumb/v7e-m+fp/hard/libm.a(lib_a-k_rem_pio2.o)
 .rodata.init_jk
                0x0000000008004ea8       0x10 /usr/lib/gcc/arm-none-eabi/9.1.0/../../../../arm-none-eabi/lib/thumb/v7e-m+fp/hard/libm.a(lib_a-k_rem_pio2.o)
                0x0000000008004eb8                . = ALIGN (0x4)

.ARM.extab
 *(.ARM.extab* .gnu.linkonce.armextab.*)

.ARM            0x0000000008004eb8        0x8
                0x0000000008004eb8                __exidx_start = .
 *(.ARM.exidx*)
 .ARM.exidx.text.__udivmoddi4
                0x0000000008004eb8        0x8 /usr/lib/gcc/arm-none-eabi/9.1.0/thumb/v7e-m+fp/hard/libgcc.a(_udivmoddi4.o)
                0x0000000008004ec0                __exidx_end = .

.rel.dyn        0x0000000008004ec0        0x0
 .rel.iplt      0x0000000008004ec0        0x0 /usr/lib/gcc/arm-none-eabi/9.1.0/thumb/v7e-m+fp/hard/crtbegin.o

.preinit_array  0x0000000008004ec0        0x0
                0x0000000008004ec0                PROVIDE (__preinit_array_start = .)
 *(.preinit_array*)
                0x0000000008004ec0                PROVIDE (__preinit_array_end = .)

.init_array     0x0000000008004ec0        0x4
                0x0000000008004ec0                PROVIDE (__init_array_start = .)
 *(SORT_BY_NAME(.init_array.*))
 *(.init_array*)
 .init_array    0x0000000008004ec0        0x4 /usr/lib/gcc/arm-none-eabi/9.1.0/thumb/v7e-m+fp/hard/crtbegin.o
                0x0000000008004ec4                PROVIDE (__init_array_end = .)

.fini_array     0x0000000008004ec4        0x4
                0x0000000008004ec4                PROVIDE (__fini_array_start = .)
 *(SORT_BY_NAME(.fini_array.*))
 *(.fini_array*)
 .fini_array    0x0000000008004ec4        0x4 /usr/lib/gcc/arm-none-eabi/9.1.0/thumb/v7e-m+fp/hard/crtbegin.o
                0x0000000008004ec8                PROVIDE (__fini_array_end = .)
                0x0000000008004ec8                _sidata = LOADADDR (.data)

.data           0x0000000020000000       0x70 load address 0x0000000008004ec8
                0x0000000020000000                . = ALIGN (0x4)
                0x0000000020000000                _sdata = .
 *(.data)
 *(.data*)
 .data.uwTickFreq
                0x0000000020000000        0x1 build/stm32f4xx_hal.o
                0x0000000020000000                uwTickFreq
 *fill*         0x0000000020000001        0x3 
 .data.uwTickPrio
                0x0000000020000004        0x4 build/stm32f4xx_hal.o
                0x0000000020000004                uwTickPrio
 .data.SystemCoreClock
                0x0000000020000008        0x4 build/system_stm32f4xx.o
                0x0000000020000008                SystemCoreClock
 .data._impure_ptr
                0x000000002000000c        0x4 /usr/lib/gcc/arm-none-eabi/9.1.0/../../../../arm-none-eabi/lib/thumb/v7e-m+fp/hard/libc_nano.a(lib_a-impure.o)
                0x000000002000000c                _impure_ptr
 .data.impure_data
                0x0000000020000010       0x60 /usr/lib/gcc/arm-none-eabi/9.1.0/../../../../arm-none-eabi/lib/thumb/v7e-m+fp/hard/libc_nano.a(lib_a-impure.o)
                0x0000000020000070                . = ALIGN (0x4)
                0x0000000020000070                _edata = .

.igot.plt       0x0000000020000070        0x0 load address 0x0000000008004f38
 .igot.plt      0x0000000020000070        0x0 /usr/lib/gcc/arm-none-eabi/9.1.0/thumb/v7e-m+fp/hard/crtbegin.o
                0x0000000020000070                . = ALIGN (0x4)

.bss            0x0000000020000070      0x168 load address 0x0000000008004f38
                0x0000000020000070                _sbss = .
                0x0000000020000070                __bss_start__ = _sbss
 *(.bss)
 *(.bss*)
 .bss.completed.10251
                0x0000000020000070        0x1 /usr/lib/gcc/arm-none-eabi/9.1.0/thumb/v7e-m+fp/hard/crtbegin.o
 *fill*         0x0000000020000071        0x3 
 .bss.object.10256
                0x0000000020000074       0x18 /usr/lib/gcc/arm-none-eabi/9.1.0/thumb/v7e-m+fp/hard/crtbegin.o
 .bss.__malloc_free_list
                0x000000002000008c        0x4 /usr/lib/gcc/arm-none-eabi/9.1.0/../../../../arm-none-eabi/lib/thumb/v7e-m+fp/hard/libc_nano.a(lib_a-nano-mallocr.o)
                0x000000002000008c                __malloc_free_list
 .bss.__malloc_sbrk_start
                0x0000000020000090        0x4 /usr/lib/gcc/arm-none-eabi/9.1.0/../../../../arm-none-eabi/lib/thumb/v7e-m+fp/hard/libc_nano.a(lib_a-nano-mallocr.o)
                0x0000000020000090                __malloc_sbrk_start
 .bss.heap_end.5501
                0x0000000020000094        0x4 /usr/lib/gcc/arm-none-eabi/9.1.0/../../../../arm-none-eabi/lib/thumb/v7e-m+fp/hard/libnosys.a(sbrk.o)
 *(COMMON)
 COMMON         0x0000000020000098       0x40 build/main.o
                0x0000000020000098                pdistanceparcourue_gauche
                0x000000002000009c                py
                0x00000000200000a0                objectif_x
                0x00000000200000a4                nbpoint
                0x00000000200000a8                moy_prev
                0x00000000200000ac                cnt_droite
                0x00000000200000b0                pdistanceparcourue_droite
                0x00000000200000b4                pconsigne_droite
                0x00000000200000b8                ptheta
                0x00000000200000bc                epsilon
                0x00000000200000c0                objectif_y
                0x00000000200000c4                px
                0x00000000200000c8                cap
                0x00000000200000cc                distance_encoder
                0x00000000200000d0                pconsigne_gauche
                0x00000000200000d4                cnt_gauche
 COMMON         0x00000000200000d8       0xb4 build/tim.o
                0x00000000200000d8                htim5
                0x0000000020000114                htim3
                0x0000000020000150                htim2
 COMMON         0x000000002000018c       0x44 build/usart.o
                0x000000002000018c                husart2
 COMMON         0x00000000200001d0        0x4 build/stm32f4xx_hal.o
                0x00000000200001d0                uwTick
 COMMON         0x00000000200001d4        0x4 /usr/lib/gcc/arm-none-eabi/9.1.0/../../../../arm-none-eabi/lib/thumb/v7e-m+fp/hard/libc_nano.a(lib_a-reent.o)
                0x00000000200001d4                errno
                0x00000000200001d8                . = ALIGN (0x4)
                0x00000000200001d8                _ebss = .
                0x00000000200001d8                __bss_end__ = _ebss

._user_heap_stack
                0x00000000200001d8      0x600 load address 0x0000000008004f38
                0x00000000200001d8                . = ALIGN (0x8)
                0x00000000200001d8                PROVIDE (end = .)
                [!provide]                        PROVIDE (_end = .)
                0x00000000200003d8                . = (. + _Min_Heap_Size)
 *fill*         0x00000000200001d8      0x200 
                0x00000000200007d8                . = (. + _Min_Stack_Size)
 *fill*         0x00000000200003d8      0x400 
                0x00000000200007d8                . = ALIGN (0x8)

/DISCARD/
 libc.a(*)
 libm.a(*)
 libgcc.a(*)

.ARM.attributes
                0x0000000000000000       0x30
 *(.ARM.attributes)
 .ARM.attributes
                0x0000000000000000       0x1e /usr/lib/gcc/arm-none-eabi/9.1.0/thumb/v7e-m+fp/hard/crti.o
 .ARM.attributes
                0x000000000000001e       0x34 /usr/lib/gcc/arm-none-eabi/9.1.0/thumb/v7e-m+fp/hard/crtbegin.o
 .ARM.attributes
                0x0000000000000052       0x34 build/main.o
 .ARM.attributes
                0x0000000000000086       0x34 build/gpio.o
 .ARM.attributes
                0x00000000000000ba       0x34 build/tim.o
 .ARM.attributes
                0x00000000000000ee       0x34 build/usart.o
 .ARM.attributes
                0x0000000000000122       0x34 build/stm32f4xx_it.o
 .ARM.attributes
                0x0000000000000156       0x34 build/stm32f4xx_hal_msp.o
 .ARM.attributes
                0x000000000000018a       0x34 build/stm32f4xx_hal_tim.o
 .ARM.attributes
                0x00000000000001be       0x34 build/stm32f4xx_hal_tim_ex.o
 .ARM.attributes
                0x00000000000001f2       0x34 build/stm32f4xx_hal_usart.o
 .ARM.attributes
                0x0000000000000226       0x34 build/stm32f4xx_hal_rcc.o
 .ARM.attributes
                0x000000000000025a       0x34 build/stm32f4xx_hal_gpio.o
 .ARM.attributes
                0x000000000000028e       0x34 build/stm32f4xx_hal_cortex.o
 .ARM.attributes
                0x00000000000002c2       0x34 build/stm32f4xx_hal.o
 .ARM.attributes
                0x00000000000002f6       0x34 build/system_stm32f4xx.o
 .ARM.attributes
                0x000000000000032a       0x34 build/encoder3.o
 .ARM.attributes
                0x000000000000035e       0x21 build/startup_stm32f401xe.o
 .ARM.attributes
                0x000000000000037f       0x32 /usr/lib/gcc/arm-none-eabi/9.1.0/../../../../arm-none-eabi/lib/thumb/v7e-m+fp/hard/libc_nano.a(lib_a-impure.o)
 .ARM.attributes
                0x00000000000003b1       0x34 /usr/lib/gcc/arm-none-eabi/9.1.0/../../../../arm-none-eabi/lib/thumb/v7e-m+fp/hard/libc_nano.a(lib_a-init.o)
 .ARM.attributes
                0x00000000000003e5       0x34 /usr/lib/gcc/arm-none-eabi/9.1.0/../../../../arm-none-eabi/lib/thumb/v7e-m+fp/hard/libc_nano.a(lib_a-memset.o)
 .ARM.attributes
                0x0000000000000419       0x34 /usr/lib/gcc/arm-none-eabi/9.1.0/../../../../arm-none-eabi/lib/thumb/v7e-m+fp/hard/libc_nano.a(lib_a-nano-mallocr.o)
 .ARM.attributes
                0x000000000000044d       0x34 /usr/lib/gcc/arm-none-eabi/9.1.0/../../../../arm-none-eabi/lib/thumb/v7e-m+fp/hard/libc_nano.a(lib_a-printf.o)
 .ARM.attributes
                0x0000000000000481       0x34 /usr/lib/gcc/arm-none-eabi/9.1.0/../../../../arm-none-eabi/lib/thumb/v7e-m+fp/hard/libc_nano.a(lib_a-sbrkr.o)
 .ARM.attributes
                0x00000000000004b5       0x34 /usr/lib/gcc/arm-none-eabi/9.1.0/../../../../arm-none-eabi/lib/thumb/v7e-m+fp/hard/libc_nano.a(lib_a-findfp.o)
 .ARM.attributes
                0x00000000000004e9       0x34 /usr/lib/gcc/arm-none-eabi/9.1.0/../../../../arm-none-eabi/lib/thumb/v7e-m+fp/hard/libc_nano.a(lib_a-fwalk.o)
 .ARM.attributes
                0x000000000000051d       0x34 /usr/lib/gcc/arm-none-eabi/9.1.0/../../../../arm-none-eabi/lib/thumb/v7e-m+fp/hard/libc_nano.a(lib_a-mlock.o)
 .ARM.attributes
                0x0000000000000551       0x34 /usr/lib/gcc/arm-none-eabi/9.1.0/../../../../arm-none-eabi/lib/thumb/v7e-m+fp/hard/libc_nano.a(lib_a-nano-vfprintf.o)
 .ARM.attributes
                0x0000000000000585       0x34 /usr/lib/gcc/arm-none-eabi/9.1.0/../../../../arm-none-eabi/lib/thumb/v7e-m+fp/hard/libc_nano.a(lib_a-reent.o)
 .ARM.attributes
                0x00000000000005b9       0x34 /usr/lib/gcc/arm-none-eabi/9.1.0/../../../../arm-none-eabi/lib/thumb/v7e-m+fp/hard/libc_nano.a(lib_a-stdio.o)
 .ARM.attributes
                0x00000000000005ed       0x34 /usr/lib/gcc/arm-none-eabi/9.1.0/../../../../arm-none-eabi/lib/thumb/v7e-m+fp/hard/libc_nano.a(lib_a-wbuf.o)
 .ARM.attributes
                0x0000000000000621       0x34 /usr/lib/gcc/arm-none-eabi/9.1.0/../../../../arm-none-eabi/lib/thumb/v7e-m+fp/hard/libc_nano.a(lib_a-writer.o)
 .ARM.attributes
                0x0000000000000655       0x34 /usr/lib/gcc/arm-none-eabi/9.1.0/../../../../arm-none-eabi/lib/thumb/v7e-m+fp/hard/libc_nano.a(lib_a-wsetup.o)
 .ARM.attributes
                0x0000000000000689       0x34 /usr/lib/gcc/arm-none-eabi/9.1.0/../../../../arm-none-eabi/lib/thumb/v7e-m+fp/hard/libc_nano.a(lib_a-closer.o)
 .ARM.attributes
                0x00000000000006bd       0x34 /usr/lib/gcc/arm-none-eabi/9.1.0/../../../../arm-none-eabi/lib/thumb/v7e-m+fp/hard/libc_nano.a(lib_a-fflush.o)
 .ARM.attributes
                0x00000000000006f1       0x34 /usr/lib/gcc/arm-none-eabi/9.1.0/../../../../arm-none-eabi/lib/thumb/v7e-m+fp/hard/libc_nano.a(lib_a-lseekr.o)
 .ARM.attributes
                0x0000000000000725       0x34 /usr/lib/gcc/arm-none-eabi/9.1.0/../../../../arm-none-eabi/lib/thumb/v7e-m+fp/hard/libc_nano.a(lib_a-makebuf.o)
 .ARM.attributes
                0x0000000000000759       0x1c /usr/lib/gcc/arm-none-eabi/9.1.0/../../../../arm-none-eabi/lib/thumb/v7e-m+fp/hard/libc_nano.a(lib_a-memchr.o)
 .ARM.attributes
                0x0000000000000775       0x34 /usr/lib/gcc/arm-none-eabi/9.1.0/../../../../arm-none-eabi/lib/thumb/v7e-m+fp/hard/libc_nano.a(lib_a-nano-freer.o)
 .ARM.attributes
                0x00000000000007a9       0x34 /usr/lib/gcc/arm-none-eabi/9.1.0/../../../../arm-none-eabi/lib/thumb/v7e-m+fp/hard/libc_nano.a(lib_a-nano-vfprintf_i.o)
 .ARM.attributes
                0x00000000000007dd       0x34 /usr/lib/gcc/arm-none-eabi/9.1.0/../../../../arm-none-eabi/lib/thumb/v7e-m+fp/hard/libc_nano.a(lib_a-readr.o)
 .ARM.attributes
                0x0000000000000811       0x34 /usr/lib/gcc/arm-none-eabi/9.1.0/../../../../arm-none-eabi/lib/thumb/v7e-m+fp/hard/libc_nano.a(lib_a-fstatr.o)
 .ARM.attributes
                0x0000000000000845       0x34 /usr/lib/gcc/arm-none-eabi/9.1.0/../../../../arm-none-eabi/lib/thumb/v7e-m+fp/hard/libc_nano.a(lib_a-isattyr.o)
 .ARM.attributes
                0x0000000000000879       0x34 /usr/lib/gcc/arm-none-eabi/9.1.0/../../../../arm-none-eabi/lib/thumb/v7e-m+fp/hard/libm.a(lib_a-s_atan.o)
 .ARM.attributes
                0x00000000000008ad       0x34 /usr/lib/gcc/arm-none-eabi/9.1.0/../../../../arm-none-eabi/lib/thumb/v7e-m+fp/hard/libm.a(lib_a-s_cos.o)
 .ARM.attributes
                0x00000000000008e1       0x34 /usr/lib/gcc/arm-none-eabi/9.1.0/../../../../arm-none-eabi/lib/thumb/v7e-m+fp/hard/libm.a(lib_a-s_fabs.o)
 .ARM.attributes
                0x0000000000000915       0x34 /usr/lib/gcc/arm-none-eabi/9.1.0/../../../../arm-none-eabi/lib/thumb/v7e-m+fp/hard/libm.a(lib_a-s_sin.o)
 .ARM.attributes
                0x0000000000000949       0x34 /usr/lib/gcc/arm-none-eabi/9.1.0/../../../../arm-none-eabi/lib/thumb/v7e-m+fp/hard/libm.a(lib_a-e_rem_pio2.o)
 .ARM.attributes
                0x000000000000097d       0x34 /usr/lib/gcc/arm-none-eabi/9.1.0/../../../../arm-none-eabi/lib/thumb/v7e-m+fp/hard/libm.a(lib_a-k_cos.o)
 .ARM.attributes
                0x00000000000009b1       0x34 /usr/lib/gcc/arm-none-eabi/9.1.0/../../../../arm-none-eabi/lib/thumb/v7e-m+fp/hard/libm.a(lib_a-k_rem_pio2.o)
 .ARM.attributes
                0x00000000000009e5       0x34 /usr/lib/gcc/arm-none-eabi/9.1.0/../../../../arm-none-eabi/lib/thumb/v7e-m+fp/hard/libm.a(lib_a-k_sin.o)
 .ARM.attributes
                0x0000000000000a19       0x34 /usr/lib/gcc/arm-none-eabi/9.1.0/../../../../arm-none-eabi/lib/thumb/v7e-m+fp/hard/libm.a(lib_a-s_floor.o)
 .ARM.attributes
                0x0000000000000a4d       0x34 /usr/lib/gcc/arm-none-eabi/9.1.0/../../../../arm-none-eabi/lib/thumb/v7e-m+fp/hard/libm.a(lib_a-s_scalbn.o)
 .ARM.attributes
                0x0000000000000a81       0x34 /usr/lib/gcc/arm-none-eabi/9.1.0/../../../../arm-none-eabi/lib/thumb/v7e-m+fp/hard/libnosys.a(close.o)
 .ARM.attributes
                0x0000000000000ab5       0x34 /usr/lib/gcc/arm-none-eabi/9.1.0/../../../../arm-none-eabi/lib/thumb/v7e-m+fp/hard/libnosys.a(fstat.o)
 .ARM.attributes
                0x0000000000000ae9       0x34 /usr/lib/gcc/arm-none-eabi/9.1.0/../../../../arm-none-eabi/lib/thumb/v7e-m+fp/hard/libnosys.a(isatty.o)
 .ARM.attributes
                0x0000000000000b1d       0x34 /usr/lib/gcc/arm-none-eabi/9.1.0/../../../../arm-none-eabi/lib/thumb/v7e-m+fp/hard/libnosys.a(lseek.o)
 .ARM.attributes
                0x0000000000000b51       0x34 /usr/lib/gcc/arm-none-eabi/9.1.0/../../../../arm-none-eabi/lib/thumb/v7e-m+fp/hard/libnosys.a(read.o)
 .ARM.attributes
                0x0000000000000b85       0x34 /usr/lib/gcc/arm-none-eabi/9.1.0/../../../../arm-none-eabi/lib/thumb/v7e-m+fp/hard/libnosys.a(sbrk.o)
 .ARM.attributes
                0x0000000000000bb9       0x34 /usr/lib/gcc/arm-none-eabi/9.1.0/../../../../arm-none-eabi/lib/thumb/v7e-m+fp/hard/libnosys.a(write.o)
 .ARM.attributes
                0x0000000000000bed       0x1e /usr/lib/gcc/arm-none-eabi/9.1.0/thumb/v7e-m+fp/hard/libgcc.a(_arm_addsubdf3.o)
 .ARM.attributes
                0x0000000000000c0b       0x1e /usr/lib/gcc/arm-none-eabi/9.1.0/thumb/v7e-m+fp/hard/libgcc.a(_arm_muldivdf3.o)
 .ARM.attributes
                0x0000000000000c29       0x1e /usr/lib/gcc/arm-none-eabi/9.1.0/thumb/v7e-m+fp/hard/libgcc.a(_arm_cmpdf2.o)
 .ARM.attributes
                0x0000000000000c47       0x1e /usr/lib/gcc/arm-none-eabi/9.1.0/thumb/v7e-m+fp/hard/libgcc.a(_arm_fixdfsi.o)
 .ARM.attributes
                0x0000000000000c65       0x1e /usr/lib/gcc/arm-none-eabi/9.1.0/thumb/v7e-m+fp/hard/libgcc.a(_aeabi_uldivmod.o)
 .ARM.attributes
                0x0000000000000c83       0x34 /usr/lib/gcc/arm-none-eabi/9.1.0/thumb/v7e-m+fp/hard/libgcc.a(_udivmoddi4.o)
 .ARM.attributes
                0x0000000000000cb7       0x1e /usr/lib/gcc/arm-none-eabi/9.1.0/thumb/v7e-m+fp/hard/libgcc.a(_dvmd_tls.o)
 .ARM.attributes
                0x0000000000000cd5       0x1e /usr/lib/gcc/arm-none-eabi/9.1.0/thumb/v7e-m+fp/hard/crtn.o
OUTPUT(build/asservissement.elf elf32-littlearm)

.debug_info     0x0000000000000000    0x172c5
 .debug_info    0x0000000000000000     0x1b91 build/main.o
 .debug_info    0x0000000000001b91      0xd30 build/gpio.o
 .debug_info    0x00000000000028c1     0x1af6 build/tim.o
 .debug_info    0x00000000000043b7     0x14b2 build/usart.o
 .debug_info    0x0000000000005869      0xb85 build/stm32f4xx_it.o
 .debug_info    0x00000000000063ee      0xd30 build/stm32f4xx_hal_msp.o
 .debug_info    0x000000000000711e     0x3f00 build/stm32f4xx_hal_tim.o
 .debug_info    0x000000000000b01e     0x1f89 build/stm32f4xx_hal_tim_ex.o
 .debug_info    0x000000000000cfa7     0x22c9 build/stm32f4xx_hal_usart.o
 .debug_info    0x000000000000f270     0x1581 build/stm32f4xx_hal_rcc.o
 .debug_info    0x00000000000107f1     0x125e build/stm32f4xx_hal_gpio.o
 .debug_info    0x0000000000011a4f     0x1ab5 build/stm32f4xx_hal_cortex.o
 .debug_info    0x0000000000013504     0x141c build/stm32f4xx_hal.o
 .debug_info    0x0000000000014920      0xf87 build/system_stm32f4xx.o
 .debug_info    0x00000000000158a7     0x19fc build/encoder3.o
 .debug_info    0x00000000000172a3       0x22 build/startup_stm32f401xe.o

.debug_abbrev   0x0000000000000000     0x2c3f
 .debug_abbrev  0x0000000000000000      0x2db build/main.o
 .debug_abbrev  0x00000000000002db      0x1ec build/gpio.o
 .debug_abbrev  0x00000000000004c7      0x317 build/tim.o
 .debug_abbrev  0x00000000000007de      0x27b build/usart.o
 .debug_abbrev  0x0000000000000a59      0x1f1 build/stm32f4xx_it.o
 .debug_abbrev  0x0000000000000c4a      0x1ec build/stm32f4xx_hal_msp.o
 .debug_abbrev  0x0000000000000e36      0x360 build/stm32f4xx_hal_tim.o
 .debug_abbrev  0x0000000000001196      0x346 build/stm32f4xx_hal_tim_ex.o
 .debug_abbrev  0x00000000000014dc      0x3a4 build/stm32f4xx_hal_usart.o
 .debug_abbrev  0x0000000000001880      0x37f build/stm32f4xx_hal_rcc.o
 .debug_abbrev  0x0000000000001bff      0x30a build/stm32f4xx_hal_gpio.o
 .debug_abbrev  0x0000000000001f09      0x457 build/stm32f4xx_hal_cortex.o
 .debug_abbrev  0x0000000000002360      0x325 build/stm32f4xx_hal.o
 .debug_abbrev  0x0000000000002685      0x21a build/system_stm32f4xx.o
 .debug_abbrev  0x000000000000289f      0x38e build/encoder3.o
 .debug_abbrev  0x0000000000002c2d       0x12 build/startup_stm32f401xe.o

.debug_loc      0x0000000000000000     0x944e
 .debug_loc     0x0000000000000000       0x65 build/main.o
 .debug_loc     0x0000000000000065       0x2c build/gpio.o
 .debug_loc     0x0000000000000091      0x2a0 build/tim.o
 .debug_loc     0x0000000000000331      0x108 build/usart.o
 .debug_loc     0x0000000000000439       0x20 build/stm32f4xx_it.o
 .debug_loc     0x0000000000000459       0x2c build/stm32f4xx_hal_msp.o
 .debug_loc     0x0000000000000485     0x427c build/stm32f4xx_hal_tim.o
 .debug_loc     0x0000000000004701     0x134d build/stm32f4xx_hal_tim_ex.o
 .debug_loc     0x0000000000005a4e     0x1a73 build/stm32f4xx_hal_usart.o
 .debug_loc     0x00000000000074c1      0x698 build/stm32f4xx_hal_rcc.o
 .debug_loc     0x0000000000007b59      0x5bd build/stm32f4xx_hal_gpio.o
 .debug_loc     0x0000000000008116      0x7d4 build/stm32f4xx_hal_cortex.o
 .debug_loc     0x00000000000088ea      0x1cc build/stm32f4xx_hal.o
 .debug_loc     0x0000000000008ab6      0x16c build/system_stm32f4xx.o
 .debug_loc     0x0000000000008c22      0x82c build/encoder3.o

.debug_aranges  0x0000000000000000      0xa80
 .debug_aranges
                0x0000000000000000       0x30 build/main.o
 .debug_aranges
                0x0000000000000030       0x20 build/gpio.o
 .debug_aranges
                0x0000000000000050       0x58 build/tim.o
 .debug_aranges
                0x00000000000000a8       0x30 build/usart.o
 .debug_aranges
                0x00000000000000d8       0x60 build/stm32f4xx_it.o
 .debug_aranges
                0x0000000000000138       0x20 build/stm32f4xx_hal_msp.o
 .debug_aranges
                0x0000000000000158      0x368 build/stm32f4xx_hal_tim.o
 .debug_aranges
                0x00000000000004c0      0x140 build/stm32f4xx_hal_tim_ex.o
 .debug_aranges
                0x0000000000000600      0x178 build/stm32f4xx_hal_usart.o
 .debug_aranges
                0x0000000000000778       0x88 build/stm32f4xx_hal_rcc.o
 .debug_aranges
                0x0000000000000800       0x58 build/stm32f4xx_hal_gpio.o
 .debug_aranges
                0x0000000000000858       0xa8 build/stm32f4xx_hal_cortex.o
 .debug_aranges
                0x0000000000000900       0xe0 build/stm32f4xx_hal.o
 .debug_aranges
                0x00000000000009e0       0x28 build/system_stm32f4xx.o
 .debug_aranges
                0x0000000000000a08       0x50 build/encoder3.o
 .debug_aranges
                0x0000000000000a58       0x28 build/startup_stm32f401xe.o

.debug_ranges   0x0000000000000000      0xa00
 .debug_ranges  0x0000000000000000       0x20 build/main.o
 .debug_ranges  0x0000000000000020       0x10 build/gpio.o
 .debug_ranges  0x0000000000000030       0x48 build/tim.o
 .debug_ranges  0x0000000000000078       0x20 build/usart.o
 .debug_ranges  0x0000000000000098       0x50 build/stm32f4xx_it.o
 .debug_ranges  0x00000000000000e8       0x10 build/stm32f4xx_hal_msp.o
 .debug_ranges  0x00000000000000f8      0x358 build/stm32f4xx_hal_tim.o
 .debug_ranges  0x0000000000000450      0x130 build/stm32f4xx_hal_tim_ex.o
 .debug_ranges  0x0000000000000580      0x168 build/stm32f4xx_hal_usart.o
 .debug_ranges  0x00000000000006e8       0x90 build/stm32f4xx_hal_rcc.o
 .debug_ranges  0x0000000000000778       0x48 build/stm32f4xx_hal_gpio.o
 .debug_ranges  0x00000000000007c0       0xf8 build/stm32f4xx_hal_cortex.o
 .debug_ranges  0x00000000000008b8       0xd0 build/stm32f4xx_hal.o
 .debug_ranges  0x0000000000000988       0x18 build/system_stm32f4xx.o
 .debug_ranges  0x00000000000009a0       0x40 build/encoder3.o
 .debug_ranges  0x00000000000009e0       0x20 build/startup_stm32f401xe.o

.debug_line     0x0000000000000000     0x8fac
 .debug_line    0x0000000000000000      0x3da build/main.o
 .debug_line    0x00000000000003da      0x17a build/gpio.o
 .debug_line    0x0000000000000554      0x5cf build/tim.o
 .debug_line    0x0000000000000b23      0x2f3 build/usart.o
 .debug_line    0x0000000000000e16      0x261 build/stm32f4xx_it.o
 .debug_line    0x0000000000001077      0x188 build/stm32f4xx_hal_msp.o
 .debug_line    0x00000000000011ff     0x2de8 build/stm32f4xx_hal_tim.o
 .debug_line    0x0000000000003fe7      0xf0e build/stm32f4xx_hal_tim_ex.o
 .debug_line    0x0000000000004ef5     0x1b3a build/stm32f4xx_hal_usart.o
 .debug_line    0x0000000000006a2f      0xa8c build/stm32f4xx_hal_rcc.o
 .debug_line    0x00000000000074bb      0x6a4 build/stm32f4xx_hal_gpio.o
 .debug_line    0x0000000000007b5f      0x723 build/stm32f4xx_hal_cortex.o
 .debug_line    0x0000000000008282      0x531 build/stm32f4xx_hal.o
 .debug_line    0x00000000000087b3      0x27f build/system_stm32f4xx.o
 .debug_line    0x0000000000008a32      0x506 build/encoder3.o
 .debug_line    0x0000000000008f38       0x74 build/startup_stm32f401xe.o

.debug_str      0x0000000000000000     0x369a
 .debug_str     0x0000000000000000      0xf0d build/main.o
                                        0xfd0 (size before relaxing)
 .debug_str     0x0000000000000f0d        0xb build/gpio.o
                                        0x6d3 (size before relaxing)
 .debug_str     0x0000000000000f18      0x2cb build/tim.o
                                        0xe2c (size before relaxing)
 .debug_str     0x00000000000011e3       0x4d build/usart.o
                                        0xbd9 (size before relaxing)
 .debug_str     0x0000000000001230       0xaf build/stm32f4xx_it.o
                                        0x655 (size before relaxing)
 .debug_str     0x00000000000012df       0x24 build/stm32f4xx_hal_msp.o
                                        0x6df (size before relaxing)
 .debug_str     0x0000000000001303      0xbb5 build/stm32f4xx_hal_tim.o
                                       0x17aa (size before relaxing)
 .debug_str     0x0000000000001eb8      0x49a build/stm32f4xx_hal_tim_ex.o
                                       0x106a (size before relaxing)
 .debug_str     0x0000000000002352      0x439 build/stm32f4xx_hal_usart.o
                                        0xecd (size before relaxing)
 .debug_str     0x000000000000278b      0x1a0 build/stm32f4xx_hal_rcc.o
                                        0xaca (size before relaxing)
 .debug_str     0x000000000000292b      0x153 build/stm32f4xx_hal_gpio.o
                                        0x8f7 (size before relaxing)
 .debug_str     0x0000000000002a7e      0x7b5 build/stm32f4xx_hal_cortex.o
                                        0xead (size before relaxing)
 .debug_str     0x0000000000003233      0x281 build/stm32f4xx_hal.o
                                        0xde8 (size before relaxing)
 .debug_str     0x00000000000034b4       0x42 build/system_stm32f4xx.o
                                        0x75b (size before relaxing)
 .debug_str     0x00000000000034f6      0x182 build/encoder3.o
                                        0xc55 (size before relaxing)
 .debug_str     0x0000000000003678       0x22 build/startup_stm32f401xe.o
                                         0x52 (size before relaxing)

.comment        0x0000000000000000       0x1d
 .comment       0x0000000000000000       0x1d build/main.o
                                         0x1e (size before relaxing)
 .comment       0x000000000000001d       0x1e build/gpio.o
 .comment       0x000000000000001d       0x1e build/tim.o
 .comment       0x000000000000001d       0x1e build/usart.o
 .comment       0x000000000000001d       0x1e build/stm32f4xx_it.o
 .comment       0x000000000000001d       0x1e build/stm32f4xx_hal_msp.o
 .comment       0x000000000000001d       0x1e build/stm32f4xx_hal_tim.o
 .comment       0x000000000000001d       0x1e build/stm32f4xx_hal_tim_ex.o
 .comment       0x000000000000001d       0x1e build/stm32f4xx_hal_usart.o
 .comment       0x000000000000001d       0x1e build/stm32f4xx_hal_rcc.o
 .comment       0x000000000000001d       0x1e build/stm32f4xx_hal_gpio.o
 .comment       0x000000000000001d       0x1e build/stm32f4xx_hal_cortex.o
 .comment       0x000000000000001d       0x1e build/stm32f4xx_hal.o
 .comment       0x000000000000001d       0x1e build/system_stm32f4xx.o
 .comment       0x000000000000001d       0x1e build/encoder3.o

.debug_frame    0x0000000000000000     0x2a84
 .debug_frame   0x0000000000000000       0x60 build/main.o
 .debug_frame   0x0000000000000060       0x28 build/gpio.o
 .debug_frame   0x0000000000000088      0x104 build/tim.o
 .debug_frame   0x000000000000018c       0x68 build/usart.o
 .debug_frame   0x00000000000001f4       0xac build/stm32f4xx_it.o
 .debug_frame   0x00000000000002a0       0x28 build/stm32f4xx_hal_msp.o
 .debug_frame   0x00000000000002c8      0xb20 build/stm32f4xx_hal_tim.o
 .debug_frame   0x0000000000000de8      0x3f0 build/stm32f4xx_hal_tim_ex.o
 .debug_frame   0x00000000000011d8      0x4ac build/stm32f4xx_hal_usart.o
 .debug_frame   0x0000000000001684      0x1ac build/stm32f4xx_hal_rcc.o
 .debug_frame   0x0000000000001830       0xec build/stm32f4xx_hal_gpio.o
 .debug_frame   0x000000000000191c      0x16c build/stm32f4xx_hal_cortex.o
 .debug_frame   0x0000000000001a88      0x1e0 build/stm32f4xx_hal.o
 .debug_frame   0x0000000000001c68       0x30 build/system_stm32f4xx.o
 .debug_frame   0x0000000000001c98      0x10c build/encoder3.o
 .debug_frame   0x0000000000001da4       0x2c /usr/lib/gcc/arm-none-eabi/9.1.0/../../../../arm-none-eabi/lib/thumb/v7e-m+fp/hard/libc_nano.a(lib_a-init.o)
 .debug_frame   0x0000000000001dd0       0x20 /usr/lib/gcc/arm-none-eabi/9.1.0/../../../../arm-none-eabi/lib/thumb/v7e-m+fp/hard/libc_nano.a(lib_a-memset.o)
 .debug_frame   0x0000000000001df0       0x30 /usr/lib/gcc/arm-none-eabi/9.1.0/../../../../arm-none-eabi/lib/thumb/v7e-m+fp/hard/libc_nano.a(lib_a-nano-mallocr.o)
 .debug_frame   0x0000000000001e20       0x74 /usr/lib/gcc/arm-none-eabi/9.1.0/../../../../arm-none-eabi/lib/thumb/v7e-m+fp/hard/libc_nano.a(lib_a-printf.o)
 .debug_frame   0x0000000000001e94       0x2c /usr/lib/gcc/arm-none-eabi/9.1.0/../../../../arm-none-eabi/lib/thumb/v7e-m+fp/hard/libc_nano.a(lib_a-sbrkr.o)
 .debug_frame   0x0000000000001ec0      0x11c /usr/lib/gcc/arm-none-eabi/9.1.0/../../../../arm-none-eabi/lib/thumb/v7e-m+fp/hard/libc_nano.a(lib_a-findfp.o)
 .debug_frame   0x0000000000001fdc       0x54 /usr/lib/gcc/arm-none-eabi/9.1.0/../../../../arm-none-eabi/lib/thumb/v7e-m+fp/hard/libc_nano.a(lib_a-fwalk.o)
 .debug_frame   0x0000000000002030       0x30 /usr/lib/gcc/arm-none-eabi/9.1.0/../../../../arm-none-eabi/lib/thumb/v7e-m+fp/hard/libc_nano.a(lib_a-mlock.o)
 .debug_frame   0x0000000000002060       0xac /usr/lib/gcc/arm-none-eabi/9.1.0/../../../../arm-none-eabi/lib/thumb/v7e-m+fp/hard/libc_nano.a(lib_a-nano-vfprintf.o)
 .debug_frame   0x000000000000210c       0x5c /usr/lib/gcc/arm-none-eabi/9.1.0/../../../../arm-none-eabi/lib/thumb/v7e-m+fp/hard/libc_nano.a(lib_a-reent.o)
 .debug_frame   0x0000000000002168       0x88 /usr/lib/gcc/arm-none-eabi/9.1.0/../../../../arm-none-eabi/lib/thumb/v7e-m+fp/hard/libc_nano.a(lib_a-stdio.o)
 .debug_frame   0x00000000000021f0       0x40 /usr/lib/gcc/arm-none-eabi/9.1.0/../../../../arm-none-eabi/lib/thumb/v7e-m+fp/hard/libc_nano.a(lib_a-wbuf.o)
 .debug_frame   0x0000000000002230       0x2c /usr/lib/gcc/arm-none-eabi/9.1.0/../../../../arm-none-eabi/lib/thumb/v7e-m+fp/hard/libc_nano.a(lib_a-writer.o)
 .debug_frame   0x000000000000225c       0x2c /usr/lib/gcc/arm-none-eabi/9.1.0/../../../../arm-none-eabi/lib/thumb/v7e-m+fp/hard/libc_nano.a(lib_a-wsetup.o)
 .debug_frame   0x0000000000002288       0x2c /usr/lib/gcc/arm-none-eabi/9.1.0/../../../../arm-none-eabi/lib/thumb/v7e-m+fp/hard/libc_nano.a(lib_a-closer.o)
 .debug_frame   0x00000000000022b4       0x68 /usr/lib/gcc/arm-none-eabi/9.1.0/../../../../arm-none-eabi/lib/thumb/v7e-m+fp/hard/libc_nano.a(lib_a-fflush.o)
 .debug_frame   0x000000000000231c       0x2c /usr/lib/gcc/arm-none-eabi/9.1.0/../../../../arm-none-eabi/lib/thumb/v7e-m+fp/hard/libc_nano.a(lib_a-lseekr.o)
 .debug_frame   0x0000000000002348       0x58 /usr/lib/gcc/arm-none-eabi/9.1.0/../../../../arm-none-eabi/lib/thumb/v7e-m+fp/hard/libc_nano.a(lib_a-makebuf.o)
 .debug_frame   0x00000000000023a0       0x38 /usr/lib/gcc/arm-none-eabi/9.1.0/../../../../arm-none-eabi/lib/thumb/v7e-m+fp/hard/libc_nano.a(lib_a-nano-freer.o)
 .debug_frame   0x00000000000023d8       0x60 /usr/lib/gcc/arm-none-eabi/9.1.0/../../../../arm-none-eabi/lib/thumb/v7e-m+fp/hard/libc_nano.a(lib_a-nano-vfprintf_i.o)
 .debug_frame   0x0000000000002438       0x2c /usr/lib/gcc/arm-none-eabi/9.1.0/../../../../arm-none-eabi/lib/thumb/v7e-m+fp/hard/libc_nano.a(lib_a-readr.o)
 .debug_frame   0x0000000000002464       0x2c /usr/lib/gcc/arm-none-eabi/9.1.0/../../../../arm-none-eabi/lib/thumb/v7e-m+fp/hard/libc_nano.a(lib_a-fstatr.o)
 .debug_frame   0x0000000000002490       0x2c /usr/lib/gcc/arm-none-eabi/9.1.0/../../../../arm-none-eabi/lib/thumb/v7e-m+fp/hard/libc_nano.a(lib_a-isattyr.o)
 .debug_frame   0x00000000000024bc       0x38 /usr/lib/gcc/arm-none-eabi/9.1.0/../../../../arm-none-eabi/lib/thumb/v7e-m+fp/hard/libm.a(lib_a-s_atan.o)
 .debug_frame   0x00000000000024f4       0x3c /usr/lib/gcc/arm-none-eabi/9.1.0/../../../../arm-none-eabi/lib/thumb/v7e-m+fp/hard/libm.a(lib_a-s_cos.o)
 .debug_frame   0x0000000000002530       0x20 /usr/lib/gcc/arm-none-eabi/9.1.0/../../../../arm-none-eabi/lib/thumb/v7e-m+fp/hard/libm.a(lib_a-s_fabs.o)
 .debug_frame   0x0000000000002550       0x3c /usr/lib/gcc/arm-none-eabi/9.1.0/../../../../arm-none-eabi/lib/thumb/v7e-m+fp/hard/libm.a(lib_a-s_sin.o)
 .debug_frame   0x000000000000258c       0x4c /usr/lib/gcc/arm-none-eabi/9.1.0/../../../../arm-none-eabi/lib/thumb/v7e-m+fp/hard/libm.a(lib_a-e_rem_pio2.o)
 .debug_frame   0x00000000000025d8       0x68 /usr/lib/gcc/arm-none-eabi/9.1.0/../../../../arm-none-eabi/lib/thumb/v7e-m+fp/hard/libm.a(lib_a-k_cos.o)
 .debug_frame   0x0000000000002640       0x58 /usr/lib/gcc/arm-none-eabi/9.1.0/../../../../arm-none-eabi/lib/thumb/v7e-m+fp/hard/libm.a(lib_a-k_rem_pio2.o)
 .debug_frame   0x0000000000002698       0x68 /usr/lib/gcc/arm-none-eabi/9.1.0/../../../../arm-none-eabi/lib/thumb/v7e-m+fp/hard/libm.a(lib_a-k_sin.o)
 .debug_frame   0x0000000000002700       0x30 /usr/lib/gcc/arm-none-eabi/9.1.0/../../../../arm-none-eabi/lib/thumb/v7e-m+fp/hard/libm.a(lib_a-s_floor.o)
 .debug_frame   0x0000000000002730       0x2c /usr/lib/gcc/arm-none-eabi/9.1.0/../../../../arm-none-eabi/lib/thumb/v7e-m+fp/hard/libm.a(lib_a-s_scalbn.o)
 .debug_frame   0x000000000000275c       0x20 /usr/lib/gcc/arm-none-eabi/9.1.0/../../../../arm-none-eabi/lib/thumb/v7e-m+fp/hard/libnosys.a(close.o)
 .debug_frame   0x000000000000277c       0x20 /usr/lib/gcc/arm-none-eabi/9.1.0/../../../../arm-none-eabi/lib/thumb/v7e-m+fp/hard/libnosys.a(fstat.o)
 .debug_frame   0x000000000000279c       0x20 /usr/lib/gcc/arm-none-eabi/9.1.0/../../../../arm-none-eabi/lib/thumb/v7e-m+fp/hard/libnosys.a(isatty.o)
 .debug_frame   0x00000000000027bc       0x20 /usr/lib/gcc/arm-none-eabi/9.1.0/../../../../arm-none-eabi/lib/thumb/v7e-m+fp/hard/libnosys.a(lseek.o)
 .debug_frame   0x00000000000027dc       0x20 /usr/lib/gcc/arm-none-eabi/9.1.0/../../../../arm-none-eabi/lib/thumb/v7e-m+fp/hard/libnosys.a(read.o)
 .debug_frame   0x00000000000027fc       0x20 /usr/lib/gcc/arm-none-eabi/9.1.0/../../../../arm-none-eabi/lib/thumb/v7e-m+fp/hard/libnosys.a(sbrk.o)
 .debug_frame   0x000000000000281c       0x20 /usr/lib/gcc/arm-none-eabi/9.1.0/../../../../arm-none-eabi/lib/thumb/v7e-m+fp/hard/libnosys.a(write.o)
 .debug_frame   0x000000000000283c       0xac /usr/lib/gcc/arm-none-eabi/9.1.0/thumb/v7e-m+fp/hard/libgcc.a(_arm_addsubdf3.o)
 .debug_frame   0x00000000000028e8       0x50 /usr/lib/gcc/arm-none-eabi/9.1.0/thumb/v7e-m+fp/hard/libgcc.a(_arm_muldivdf3.o)
 .debug_frame   0x0000000000002938       0xc4 /usr/lib/gcc/arm-none-eabi/9.1.0/thumb/v7e-m+fp/hard/libgcc.a(_arm_cmpdf2.o)
 .debug_frame   0x00000000000029fc       0x24 /usr/lib/gcc/arm-none-eabi/9.1.0/thumb/v7e-m+fp/hard/libgcc.a(_arm_fixdfsi.o)
 .debug_frame   0x0000000000002a20       0x2c /usr/lib/gcc/arm-none-eabi/9.1.0/thumb/v7e-m+fp/hard/libgcc.a(_aeabi_uldivmod.o)
 .debug_frame   0x0000000000002a4c       0x38 /usr/lib/gcc/arm-none-eabi/9.1.0/thumb/v7e-m+fp/hard/libgcc.a(_udivmoddi4.o)

.stab           0x0000000000000000       0x9c
 .stab          0x0000000000000000       0x24 /usr/lib/gcc/arm-none-eabi/9.1.0/../../../../arm-none-eabi/lib/thumb/v7e-m+fp/hard/libnosys.a(close.o)
 .stab          0x0000000000000024       0x18 /usr/lib/gcc/arm-none-eabi/9.1.0/../../../../arm-none-eabi/lib/thumb/v7e-m+fp/hard/libnosys.a(fstat.o)
                                         0x24 (size before relaxing)
 .stab          0x000000000000003c       0x18 /usr/lib/gcc/arm-none-eabi/9.1.0/../../../../arm-none-eabi/lib/thumb/v7e-m+fp/hard/libnosys.a(isatty.o)
                                         0x24 (size before relaxing)
 .stab          0x0000000000000054       0x18 /usr/lib/gcc/arm-none-eabi/9.1.0/../../../../arm-none-eabi/lib/thumb/v7e-m+fp/hard/libnosys.a(lseek.o)
                                         0x24 (size before relaxing)
 .stab          0x000000000000006c       0x18 /usr/lib/gcc/arm-none-eabi/9.1.0/../../../../arm-none-eabi/lib/thumb/v7e-m+fp/hard/libnosys.a(read.o)
                                         0x24 (size before relaxing)
 .stab          0x0000000000000084       0x18 /usr/lib/gcc/arm-none-eabi/9.1.0/../../../../arm-none-eabi/lib/thumb/v7e-m+fp/hard/libnosys.a(write.o)
                                         0x24 (size before relaxing)

.stabstr        0x0000000000000000      0x14d
 .stabstr       0x0000000000000000      0x14d /usr/lib/gcc/arm-none-eabi/9.1.0/../../../../arm-none-eabi/lib/thumb/v7e-m+fp/hard/libnosys.a(close.o)

Cross Reference Table

Symbol                                            File
ADC_IRQHandler                                    build/startup_stm32f401xe.o
AHBPrescTable                                     build/system_stm32f4xx.o
                                                  build/stm32f4xx_hal_rcc.o
APBPrescTable                                     build/system_stm32f4xx.o
                                                  build/stm32f4xx_hal_rcc.o
BusFault_Handler                                  build/stm32f4xx_it.o
DMA1_Stream0_IRQHandler                           build/startup_stm32f401xe.o
DMA1_Stream1_IRQHandler                           build/startup_stm32f401xe.o
DMA1_Stream2_IRQHandler                           build/startup_stm32f401xe.o
DMA1_Stream3_IRQHandler                           build/startup_stm32f401xe.o
DMA1_Stream4_IRQHandler                           build/startup_stm32f401xe.o
DMA1_Stream5_IRQHandler                           build/startup_stm32f401xe.o
DMA1_Stream6_IRQHandler                           build/startup_stm32f401xe.o
DMA1_Stream7_IRQHandler                           build/startup_stm32f401xe.o
DMA2_Stream0_IRQHandler                           build/startup_stm32f401xe.o
DMA2_Stream1_IRQHandler                           build/startup_stm32f401xe.o
DMA2_Stream2_IRQHandler                           build/startup_stm32f401xe.o
DMA2_Stream3_IRQHandler                           build/startup_stm32f401xe.o
DMA2_Stream4_IRQHandler                           build/startup_stm32f401xe.o
DMA2_Stream5_IRQHandler                           build/startup_stm32f401xe.o
DMA2_Stream6_IRQHandler                           build/startup_stm32f401xe.o
DMA2_Stream7_IRQHandler                           build/startup_stm32f401xe.o
DebugMon_Handler                                  build/stm32f4xx_it.o
Default_Handler                                   build/startup_stm32f401xe.o
EXTI0_IRQHandler                                  build/startup_stm32f401xe.o
EXTI15_10_IRQHandler                              build/startup_stm32f401xe.o
EXTI1_IRQHandler                                  build/startup_stm32f401xe.o
EXTI2_IRQHandler                                  build/startup_stm32f401xe.o
EXTI3_IRQHandler                                  build/startup_stm32f401xe.o
EXTI4_IRQHandler                                  build/startup_stm32f401xe.o
EXTI9_5_IRQHandler                                build/startup_stm32f401xe.o
Error_Handler                                     build/main.o
                                                  build/usart.o
                                                  build/tim.o
FLASH_Erase_Sector                                build/stm32f4xx_hal_flash_ex.o
                                                  build/stm32f4xx_hal_flash.o
FLASH_FlushCaches                                 build/stm32f4xx_hal_flash_ex.o
                                                  build/stm32f4xx_hal_flash.o
FLASH_IRQHandler                                  build/startup_stm32f401xe.o
FLASH_WaitForLastOperation                        build/stm32f4xx_hal_flash.o
                                                  build/stm32f4xx_hal_flash_ex.o
FPU_IRQHandler                                    build/startup_stm32f401xe.o
HAL_DBGMCU_DisableDBGSleepMode                    build/stm32f4xx_hal.o
HAL_DBGMCU_DisableDBGStandbyMode                  build/stm32f4xx_hal.o
HAL_DBGMCU_DisableDBGStopMode                     build/stm32f4xx_hal.o
HAL_DBGMCU_EnableDBGSleepMode                     build/stm32f4xx_hal.o
HAL_DBGMCU_EnableDBGStandbyMode                   build/stm32f4xx_hal.o
HAL_DBGMCU_EnableDBGStopMode                      build/stm32f4xx_hal.o
HAL_DMAEx_ChangeMemory                            build/stm32f4xx_hal_dma_ex.o
HAL_DMAEx_MultiBufferStart                        build/stm32f4xx_hal_dma_ex.o
HAL_DMAEx_MultiBufferStart_IT                     build/stm32f4xx_hal_dma_ex.o
HAL_DMA_Abort                                     build/stm32f4xx_hal_dma.o
                                                  build/stm32f4xx_hal_usart.o
                                                  build/stm32f4xx_hal_tim.o
HAL_DMA_Abort_IT                                  build/stm32f4xx_hal_dma.o
                                                  build/stm32f4xx_hal_usart.o
HAL_DMA_DeInit                                    build/stm32f4xx_hal_dma.o
HAL_DMA_GetError                                  build/stm32f4xx_hal_dma.o
HAL_DMA_GetState                                  build/stm32f4xx_hal_dma.o
HAL_DMA_IRQHandler                                build/stm32f4xx_hal_dma.o
HAL_DMA_Init                                      build/stm32f4xx_hal_dma.o
HAL_DMA_PollForTransfer                           build/stm32f4xx_hal_dma.o
HAL_DMA_RegisterCallback                          build/stm32f4xx_hal_dma.o
HAL_DMA_Start                                     build/stm32f4xx_hal_dma.o
HAL_DMA_Start_IT                                  build/stm32f4xx_hal_dma.o
                                                  build/stm32f4xx_hal_usart.o
                                                  build/stm32f4xx_hal_tim_ex.o
                                                  build/stm32f4xx_hal_tim.o
HAL_DMA_UnRegisterCallback                        build/stm32f4xx_hal_dma.o
HAL_DeInit                                        build/stm32f4xx_hal.o
HAL_Delay                                         build/stm32f4xx_hal.o
HAL_DisableCompensationCell                       build/stm32f4xx_hal.o
HAL_EnableCompensationCell                        build/stm32f4xx_hal.o
HAL_FLASHEx_AdvOBGetConfig                        build/stm32f4xx_hal_flash_ex.o
HAL_FLASHEx_AdvOBProgram                          build/stm32f4xx_hal_flash_ex.o
HAL_FLASHEx_Erase                                 build/stm32f4xx_hal_flash_ex.o
HAL_FLASHEx_Erase_IT                              build/stm32f4xx_hal_flash_ex.o
HAL_FLASHEx_OBGetConfig                           build/stm32f4xx_hal_flash_ex.o
HAL_FLASHEx_OBProgram                             build/stm32f4xx_hal_flash_ex.o
HAL_FLASHEx_OB_DeSelectPCROP                      build/stm32f4xx_hal_flash_ex.o
HAL_FLASHEx_OB_SelectPCROP                        build/stm32f4xx_hal_flash_ex.o
HAL_FLASH_EndOfOperationCallback                  build/stm32f4xx_hal_flash.o
HAL_FLASH_GetError                                build/stm32f4xx_hal_flash.o
HAL_FLASH_IRQHandler                              build/stm32f4xx_hal_flash.o
HAL_FLASH_Lock                                    build/stm32f4xx_hal_flash.o
HAL_FLASH_OB_Launch                               build/stm32f4xx_hal_flash.o
HAL_FLASH_OB_Lock                                 build/stm32f4xx_hal_flash.o
HAL_FLASH_OB_Unlock                               build/stm32f4xx_hal_flash.o
HAL_FLASH_OperationErrorCallback                  build/stm32f4xx_hal_flash.o
HAL_FLASH_Program                                 build/stm32f4xx_hal_flash.o
HAL_FLASH_Program_IT                              build/stm32f4xx_hal_flash.o
HAL_FLASH_Unlock                                  build/stm32f4xx_hal_flash.o
HAL_GPIO_DeInit                                   build/stm32f4xx_hal_gpio.o
                                                  build/usart.o
                                                  build/tim.o
HAL_GPIO_EXTI_Callback                            build/stm32f4xx_hal_gpio.o
HAL_GPIO_EXTI_IRQHandler                          build/stm32f4xx_hal_gpio.o
HAL_GPIO_Init                                     build/stm32f4xx_hal_gpio.o
                                                  build/stm32f4xx_hal_rcc.o
                                                  build/usart.o
                                                  build/tim.o
HAL_GPIO_LockPin                                  build/stm32f4xx_hal_gpio.o
HAL_GPIO_ReadPin                                  build/stm32f4xx_hal_gpio.o
HAL_GPIO_TogglePin                                build/stm32f4xx_hal_gpio.o
HAL_GPIO_WritePin                                 build/stm32f4xx_hal_gpio.o
HAL_GetDEVID                                      build/stm32f4xx_hal.o
HAL_GetHalVersion                                 build/stm32f4xx_hal.o
HAL_GetREVID                                      build/stm32f4xx_hal.o
HAL_GetTick                                       build/stm32f4xx_hal.o
                                                  build/stm32f4xx_hal_pwr_ex.o
                                                  build/stm32f4xx_hal_dma.o
                                                  build/stm32f4xx_hal_flash.o
                                                  build/stm32f4xx_hal_rcc_ex.o
                                                  build/stm32f4xx_hal_rcc.o
                                                  build/stm32f4xx_hal_usart.o
HAL_GetTickFreq                                   build/stm32f4xx_hal.o
HAL_GetTickPrio                                   build/stm32f4xx_hal.o
HAL_GetUID                                        build/stm32f4xx_hal.o
HAL_IncTick                                       build/stm32f4xx_hal.o
                                                  build/stm32f4xx_it.o
HAL_Init                                          build/stm32f4xx_hal.o
                                                  build/main.o
HAL_InitTick                                      build/stm32f4xx_hal.o
                                                  build/stm32f4xx_hal_rcc_ex.o
                                                  build/stm32f4xx_hal_rcc.o
HAL_MPU_ConfigRegion                              build/stm32f4xx_hal_cortex.o
HAL_MPU_Disable                                   build/stm32f4xx_hal_cortex.o
HAL_MPU_Enable                                    build/stm32f4xx_hal_cortex.o
HAL_MspDeInit                                     build/stm32f4xx_hal.o
HAL_MspInit                                       build/stm32f4xx_hal_msp.o
HAL_NVIC_ClearPendingIRQ                          build/stm32f4xx_hal_cortex.o
HAL_NVIC_DisableIRQ                               build/stm32f4xx_hal_cortex.o
HAL_NVIC_EnableIRQ                                build/stm32f4xx_hal_cortex.o
HAL_NVIC_GetActive                                build/stm32f4xx_hal_cortex.o
HAL_NVIC_GetPendingIRQ                            build/stm32f4xx_hal_cortex.o
HAL_NVIC_GetPriority                              build/stm32f4xx_hal_cortex.o
HAL_NVIC_GetPriorityGrouping                      build/stm32f4xx_hal_cortex.o
HAL_NVIC_SetPendingIRQ                            build/stm32f4xx_hal_cortex.o
HAL_NVIC_SetPriority                              build/stm32f4xx_hal_cortex.o
                                                  build/stm32f4xx_hal.o
HAL_NVIC_SetPriorityGrouping                      build/stm32f4xx_hal_cortex.o
                                                  build/stm32f4xx_hal.o
HAL_NVIC_SystemReset                              build/stm32f4xx_hal_cortex.o
HAL_PWREx_ControlVoltageScaling                   build/stm32f4xx_hal_pwr_ex.o
HAL_PWREx_DisableBkUpReg                          build/stm32f4xx_hal_pwr_ex.o
HAL_PWREx_DisableFlashPowerDown                   build/stm32f4xx_hal_pwr_ex.o
HAL_PWREx_DisableLowRegulatorLowVoltage           build/stm32f4xx_hal_pwr_ex.o
HAL_PWREx_DisableMainRegulatorLowVoltage          build/stm32f4xx_hal_pwr_ex.o
HAL_PWREx_EnableBkUpReg                           build/stm32f4xx_hal_pwr_ex.o
HAL_PWREx_EnableFlashPowerDown                    build/stm32f4xx_hal_pwr_ex.o
HAL_PWREx_EnableLowRegulatorLowVoltage            build/stm32f4xx_hal_pwr_ex.o
HAL_PWREx_EnableMainRegulatorLowVoltage           build/stm32f4xx_hal_pwr_ex.o
HAL_PWREx_GetVoltageRange                         build/stm32f4xx_hal_pwr_ex.o
HAL_PWR_ConfigPVD                                 build/stm32f4xx_hal_pwr.o
HAL_PWR_DeInit                                    build/stm32f4xx_hal_pwr.o
HAL_PWR_DisableBkUpAccess                         build/stm32f4xx_hal_pwr.o
HAL_PWR_DisablePVD                                build/stm32f4xx_hal_pwr.o
HAL_PWR_DisableSEVOnPend                          build/stm32f4xx_hal_pwr.o
HAL_PWR_DisableSleepOnExit                        build/stm32f4xx_hal_pwr.o
HAL_PWR_DisableWakeUpPin                          build/stm32f4xx_hal_pwr.o
HAL_PWR_EnableBkUpAccess                          build/stm32f4xx_hal_pwr.o
HAL_PWR_EnablePVD                                 build/stm32f4xx_hal_pwr.o
HAL_PWR_EnableSEVOnPend                           build/stm32f4xx_hal_pwr.o
HAL_PWR_EnableSleepOnExit                         build/stm32f4xx_hal_pwr.o
HAL_PWR_EnableWakeUpPin                           build/stm32f4xx_hal_pwr.o
HAL_PWR_EnterSLEEPMode                            build/stm32f4xx_hal_pwr.o
HAL_PWR_EnterSTANDBYMode                          build/stm32f4xx_hal_pwr.o
HAL_PWR_EnterSTOPMode                             build/stm32f4xx_hal_pwr.o
HAL_PWR_PVDCallback                               build/stm32f4xx_hal_pwr.o
HAL_PWR_PVD_IRQHandler                            build/stm32f4xx_hal_pwr.o
HAL_RCCEx_DisablePLLI2S                           build/stm32f4xx_hal_rcc_ex.o
HAL_RCCEx_EnablePLLI2S                            build/stm32f4xx_hal_rcc_ex.o
HAL_RCCEx_GetPeriphCLKConfig                      build/stm32f4xx_hal_rcc_ex.o
HAL_RCCEx_GetPeriphCLKFreq                        build/stm32f4xx_hal_rcc_ex.o
HAL_RCCEx_PeriphCLKConfig                         build/stm32f4xx_hal_rcc_ex.o
HAL_RCC_CSSCallback                               build/stm32f4xx_hal_rcc.o
HAL_RCC_ClockConfig                               build/stm32f4xx_hal_rcc.o
                                                  build/main.o
HAL_RCC_DeInit                                    build/stm32f4xx_hal_rcc_ex.o
                                                  build/stm32f4xx_hal_rcc.o
HAL_RCC_DisableCSS                                build/stm32f4xx_hal_rcc.o
HAL_RCC_EnableCSS                                 build/stm32f4xx_hal_rcc.o
HAL_RCC_GetClockConfig                            build/stm32f4xx_hal_rcc.o
HAL_RCC_GetHCLKFreq                               build/stm32f4xx_hal_rcc.o
HAL_RCC_GetOscConfig                              build/stm32f4xx_hal_rcc.o
HAL_RCC_GetPCLK1Freq                              build/stm32f4xx_hal_rcc.o
                                                  build/stm32f4xx_hal_usart.o
HAL_RCC_GetPCLK2Freq                              build/stm32f4xx_hal_rcc.o
                                                  build/stm32f4xx_hal_usart.o
HAL_RCC_GetSysClockFreq                           build/stm32f4xx_hal_rcc.o
HAL_RCC_MCOConfig                                 build/stm32f4xx_hal_rcc.o
HAL_RCC_NMI_IRQHandler                            build/stm32f4xx_hal_rcc.o
HAL_RCC_OscConfig                                 build/stm32f4xx_hal_rcc.o
                                                  build/main.o
HAL_ResumeTick                                    build/stm32f4xx_hal.o
HAL_SYSTICK_CLKSourceConfig                       build/stm32f4xx_hal_cortex.o
HAL_SYSTICK_Callback                              build/stm32f4xx_hal_cortex.o
HAL_SYSTICK_Config                                build/stm32f4xx_hal_cortex.o
                                                  build/stm32f4xx_hal.o
HAL_SYSTICK_IRQHandler                            build/stm32f4xx_hal_cortex.o
HAL_SetTickFreq                                   build/stm32f4xx_hal.o
HAL_SuspendTick                                   build/stm32f4xx_hal.o
HAL_TIMEx_BreakCallback                           build/stm32f4xx_hal_tim_ex.o
                                                  build/stm32f4xx_hal_tim.o
HAL_TIMEx_CommutationCallback                     build/stm32f4xx_hal_tim_ex.o
                                                  build/stm32f4xx_hal_tim.o
HAL_TIMEx_ConfigBreakDeadTime                     build/stm32f4xx_hal_tim_ex.o
HAL_TIMEx_ConfigCommutationEvent                  build/stm32f4xx_hal_tim_ex.o
HAL_TIMEx_ConfigCommutationEvent_DMA              build/stm32f4xx_hal_tim_ex.o
HAL_TIMEx_ConfigCommutationEvent_IT               build/stm32f4xx_hal_tim_ex.o
HAL_TIMEx_HallSensor_DeInit                       build/stm32f4xx_hal_tim_ex.o
HAL_TIMEx_HallSensor_GetState                     build/stm32f4xx_hal_tim_ex.o
HAL_TIMEx_HallSensor_Init                         build/stm32f4xx_hal_tim_ex.o
HAL_TIMEx_HallSensor_MspDeInit                    build/stm32f4xx_hal_tim_ex.o
HAL_TIMEx_HallSensor_MspInit                      build/stm32f4xx_hal_tim_ex.o
HAL_TIMEx_HallSensor_Start                        build/stm32f4xx_hal_tim_ex.o
HAL_TIMEx_HallSensor_Start_DMA                    build/stm32f4xx_hal_tim_ex.o
HAL_TIMEx_HallSensor_Start_IT                     build/stm32f4xx_hal_tim_ex.o
HAL_TIMEx_HallSensor_Stop                         build/stm32f4xx_hal_tim_ex.o
HAL_TIMEx_HallSensor_Stop_DMA                     build/stm32f4xx_hal_tim_ex.o
HAL_TIMEx_HallSensor_Stop_IT                      build/stm32f4xx_hal_tim_ex.o
HAL_TIMEx_MasterConfigSynchronization             build/stm32f4xx_hal_tim_ex.o
                                                  build/tim.o
HAL_TIMEx_OCN_Start                               build/stm32f4xx_hal_tim_ex.o
HAL_TIMEx_OCN_Start_DMA                           build/stm32f4xx_hal_tim_ex.o
HAL_TIMEx_OCN_Start_IT                            build/stm32f4xx_hal_tim_ex.o
HAL_TIMEx_OCN_Stop                                build/stm32f4xx_hal_tim_ex.o
HAL_TIMEx_OCN_Stop_DMA                            build/stm32f4xx_hal_tim_ex.o
HAL_TIMEx_OCN_Stop_IT                             build/stm32f4xx_hal_tim_ex.o
HAL_TIMEx_OnePulseN_Start                         build/stm32f4xx_hal_tim_ex.o
HAL_TIMEx_OnePulseN_Start_IT                      build/stm32f4xx_hal_tim_ex.o
HAL_TIMEx_OnePulseN_Stop                          build/stm32f4xx_hal_tim_ex.o
HAL_TIMEx_OnePulseN_Stop_IT                       build/stm32f4xx_hal_tim_ex.o
HAL_TIMEx_PWMN_Start                              build/stm32f4xx_hal_tim_ex.o
HAL_TIMEx_PWMN_Start_DMA                          build/stm32f4xx_hal_tim_ex.o
HAL_TIMEx_PWMN_Start_IT                           build/stm32f4xx_hal_tim_ex.o
HAL_TIMEx_PWMN_Stop                               build/stm32f4xx_hal_tim_ex.o
HAL_TIMEx_PWMN_Stop_DMA                           build/stm32f4xx_hal_tim_ex.o
HAL_TIMEx_PWMN_Stop_IT                            build/stm32f4xx_hal_tim_ex.o
HAL_TIMEx_RemapConfig                             build/stm32f4xx_hal_tim_ex.o
HAL_TIM_Base_DeInit                               build/stm32f4xx_hal_tim.o
HAL_TIM_Base_GetState                             build/stm32f4xx_hal_tim.o
HAL_TIM_Base_Init                                 build/stm32f4xx_hal_tim.o
HAL_TIM_Base_MspDeInit                            build/stm32f4xx_hal_tim.o
HAL_TIM_Base_MspInit                              build/stm32f4xx_hal_tim.o
HAL_TIM_Base_Start                                build/stm32f4xx_hal_tim.o
                                                  build/main.o
HAL_TIM_Base_Start_DMA                            build/stm32f4xx_hal_tim.o
HAL_TIM_Base_Start_IT                             build/stm32f4xx_hal_tim.o
                                                  build/main.o
HAL_TIM_Base_Stop                                 build/stm32f4xx_hal_tim.o
HAL_TIM_Base_Stop_DMA                             build/stm32f4xx_hal_tim.o
HAL_TIM_Base_Stop_IT                              build/stm32f4xx_hal_tim.o
HAL_TIM_ConfigClockSource                         build/stm32f4xx_hal_tim.o
HAL_TIM_ConfigOCrefClear                          build/stm32f4xx_hal_tim.o
HAL_TIM_ConfigTI1Input                            build/stm32f4xx_hal_tim.o
HAL_TIM_DMABurst_ReadStart                        build/stm32f4xx_hal_tim.o
HAL_TIM_DMABurst_ReadStop                         build/stm32f4xx_hal_tim.o
HAL_TIM_DMABurst_WriteStart                       build/stm32f4xx_hal_tim.o
HAL_TIM_DMABurst_WriteStop                        build/stm32f4xx_hal_tim.o
HAL_TIM_Encoder_DeInit                            build/stm32f4xx_hal_tim.o
HAL_TIM_Encoder_GetState                          build/stm32f4xx_hal_tim.o
HAL_TIM_Encoder_Init                              build/stm32f4xx_hal_tim.o
                                                  build/tim.o
HAL_TIM_Encoder_MspDeInit                         build/tim.o
HAL_TIM_Encoder_MspInit                           build/tim.o
HAL_TIM_Encoder_Start                             build/stm32f4xx_hal_tim.o
HAL_TIM_Encoder_Start_DMA                         build/stm32f4xx_hal_tim.o
HAL_TIM_Encoder_Start_IT                          build/stm32f4xx_hal_tim.o
HAL_TIM_Encoder_Stop                              build/stm32f4xx_hal_tim.o
HAL_TIM_Encoder_Stop_DMA                          build/stm32f4xx_hal_tim.o
HAL_TIM_Encoder_Stop_IT                           build/stm32f4xx_hal_tim.o
HAL_TIM_ErrorCallback                             build/stm32f4xx_hal_tim.o
HAL_TIM_GenerateEvent                             build/stm32f4xx_hal_tim.o
HAL_TIM_IC_CaptureCallback                        build/stm32f4xx_hal_tim.o
HAL_TIM_IC_ConfigChannel                          build/stm32f4xx_hal_tim.o
HAL_TIM_IC_DeInit                                 build/stm32f4xx_hal_tim.o
HAL_TIM_IC_GetState                               build/stm32f4xx_hal_tim.o
HAL_TIM_IC_Init                                   build/stm32f4xx_hal_tim.o
HAL_TIM_IC_MspDeInit                              build/stm32f4xx_hal_tim.o
HAL_TIM_IC_MspInit                                build/stm32f4xx_hal_tim.o
HAL_TIM_IC_Start                                  build/stm32f4xx_hal_tim.o